# cmd: java -jar /Users/grantnelson/go/src/github.com/MSUSEL/msusel-tdmetrics-go/javaAbstractor/target/abstractor-0.1-jar-with-dependencies.jar -i /Users/grantnelson/go/src/github.com/apache/commons-digester/ -o /Users/grantnelson/go/src/github.com/MSUSEL/msusel-tdmetrics-go/tdd/abstractions/commons-digester.json -v
# cwd: /Users/grantnelson/go/src/github.com/MSUSEL/msusel-tdmetrics-go/tdd
# repo: /Users/grantnelson/go/src/github.com/apache/commons-digester @ c1d0e563339faec040eb036ae97a7b7bf07ba865
# started: 2026-08-17T18:29:51.048309+00:00
# timeout_min: 10
# ---
Reading /Users/grantnelson/go/src/github.com/apache/commons-digester/
SLF4J(W): No SLF4J providers were found.
SLF4J(W): Defaulting to no-operation (NOP) logger implementation
SLF4J(W): See https://www.slf4j.org/codes.html#noProviders for further details.
Init pending package <unnamed>
Init pending package org
Init pending package org.apache
Init pending package org.apache.commons
Init pending package org.apache.commons.digester3
Init pending package org.apache.commons.digester3.annotations
Init pending package org.apache.commons.digester3.annotations.handlers
Init pending package org.apache.commons.digester3.annotations.reflect
Init pending package org.apache.commons.digester3.annotations.rules
Init pending package org.apache.commons.digester3.annotations.utils
Init pending package org.apache.commons.digester3.annotations.atom
Init pending package org.apache.commons.digester3.binder
Init pending package org.apache.commons.digester3.plugins
Init pending package org.apache.commons.digester3.plugins.strategies
Init pending package org.apache.commons.digester3.substitution
Init pending package org.apache.commons.digester3.xmlrules
Init pending package org.apache.commons.digester3.examples
Init pending package org.apache.commons.digester3.examples.api
Init pending package org.apache.commons.digester3.examples.api.addressbook
Init pending package org.apache.commons.digester3.examples.api.catalog
Init pending package org.apache.commons.digester3.examples.api.dbinsert
Init pending package org.apache.commons.digester3.examples.api.documentmarkup
Init pending package org.apache.commons.digester3.examples.plugins
Init pending package org.apache.commons.digester3.examples.plugins.pipeline
Init pending package org.apache.commons.digester3.examples.xmlrules
Init pending package org.apache.commons.digester3.examples.xmlrules.addressbook
Init pending package org.apache.commons.digester3.edsl
Init pending package org.apache.commons.digester3.edsl.atom
Init pending package org.apache.commons.digester3.rss
[34mStarting process pending packages...[0m
  [34mskipping default constructor: org.apache.commons.digester3.examples.api.addressbook.Address()[0m
  Pending package java.io
  Pending package java.util
  [34mskipping default constructor: org.apache.commons.digester3.examples.api.addressbook.Person()[0m
  [34mskipping default constructor: org.apache.commons.digester3.examples.api.addressbook.AddressBook()[0m
  [34mskipping default constructor: org.apache.commons.digester3.examples.api.addressbook.Main()[0m
  Pending package org.apache.commons.digester3
  Pending package java.lang
  [34mskipping default constructor: org.apache.commons.digester3.Rule()[0m
  Pending package org.xml.sax
  Pending package java.net
  Pending package javax.xml.parsers
  Pending package java.util.concurrent
  Pending package javax.xml.validation
  [31mType description did not have a declaration but was not labelled a anonymous: (CtTypeReferenceImpl) org.apache.commons.logging.Log @ core/src/main/java/org/apache/commons/digester3/Digester.java:282:13[0m
  [34mfield (CtFieldImpl) log @ core/src/main/java/org/apache/commons/digester3/Digester.java:282:17 had a null type. The type likely was an attribute, external dependency, or some other type not handled by the abstractor so using anyDesc.[0m
  [31mType description did not have a declaration but was not labelled a anonymous: (CtTypeReferenceImpl) org.apache.commons.logging.Log @ core/src/main/java/org/apache/commons/digester3/Digester.java:287:13[0m
  [34mfield (CtFieldImpl) saxLog @ core/src/main/java/org/apache/commons/digester3/Digester.java:287:17 had a null type. The type likely was an attribute, external dependency, or some other type not handled by the abstractor so using anyDesc.[0m
  [34mskipping default constructor: org.apache.commons.digester3.Substitutor()[0m
  Pending package org.xml.sax.helpers
  [31mType description did not have a declaration but was not labelled a anonymous: (CtTypeReferenceImpl) org.apache.commons.logging.Log @ core/src/main/java/org/apache/commons/digester3/Digester.java:520:31[0m
  [34margument (CtParameterImpl) saxLog @ core/src/main/java/org/apache/commons/digester3/Digester.java:520:35 had a null type. The type likely was an attribute, external dependency, or some other type not handled by the abstractor so using anyDesc.[0m
  [31mType description did not have a declaration but was not labelled a anonymous: (CtTypeReferenceImpl) org.apache.commons.logging.Log @ core/src/main/java/org/apache/commons/digester3/Digester.java:509:12[0m
  [34margument (CtTypeReferenceImpl) org.apache.commons.logging.Log @ core/src/main/java/org/apache/commons/digester3/Digester.java:509:12 had a null type. The type likely was an attribute, external dependency, or some other type not handled by the abstractor so using anyDesc.[0m
  [31mType description did not have a declaration but was not labelled a anonymous: (CtTypeReferenceImpl) org.apache.commons.logging.Log @ core/src/main/java/org/apache/commons/digester3/Digester.java:488:12[0m
  [34margument (CtTypeReferenceImpl) org.apache.commons.logging.Log @ core/src/main/java/org/apache/commons/digester3/Digester.java:488:12 had a null type. The type likely was an attribute, external dependency, or some other type not handled by the abstractor so using anyDesc.[0m
  [31mType description did not have a declaration but was not labelled a anonymous: (CtTypeReferenceImpl) org.apache.commons.logging.Log @ core/src/main/java/org/apache/commons/digester3/Digester.java:498:28[0m
  [34margument (CtParameterImpl) log @ core/src/main/java/org/apache/commons/digester3/Digester.java:498:32 had a null type. The type likely was an attribute, external dependency, or some other type not handled by the abstractor so using anyDesc.[0m
  Pending package java.lang.invoke
  [34mIgnoring implicit executable reference: (CtExecutableReferenceImpl) <init>[0m
  [34mIgnoring implicit executable reference: (CtExecutableReferenceImpl) <init>[0m
  [34mIgnoring implicit executable reference: (CtExecutableReferenceImpl) <init>[0m
  [34mUnused type args: [T @ core/src/main/java/org/apache/commons/digester3/Digester.java:1588:24][0m
  [31mType description did not have a declaration but was not labelled a anonymous: (CtTypeReferenceImpl) org.apache.commons.logging.Log[0m
  [31mType description did not have a declaration but was not labelled a anonymous: (CtTypeReferenceImpl) org.apache.commons.logging.Log[0m
  [31mType description did not have a declaration but was not labelled a anonymous: (CtTypeReferenceImpl) org.apache.commons.logging.Log[0m
  [31mType description did not have a declaration but was not labelled a anonymous: (CtTypeReferenceImpl) org.apache.commons.logging.Log[0m
  [34mIgnoring implicit executable reference: (CtExecutableReferenceImpl) <init>[0m
  [34mUnused type args: [org.apache.commons.digester3.examples.api.addressbook.Person][0m
  [34mIgnoring implicit executable reference: (CtExecutableReferenceImpl) <init>[0m
  [34mIgnoring implicit executable reference: (CtExecutableReferenceImpl) <init>[0m
  [34mUnused type args: [java.lang.String @ core/src/main/java/org/apache/commons/digester3/Digester.java:328:15][0m
  [34mUnused type args: [java.lang.String, java.util.Stack][0m
  [34mUnused type args: [java.lang.String][0m
  [34mUnused type args: [java.lang.String][0m
  [34mUnused type args: [java.lang.String][0m
  [34mUnused type args: [java.lang.String][0m
  [34mIgnoring implicit executable reference: (CtExecutableReferenceImpl) <init>[0m
  [34mUnused type args: [T][0m
  [34mUnused type args: [T][0m
  [34mUnused type args: [T][0m
  [34mUnused type args: [T][0m
  [31mType description did not have a declaration but was not labelled a anonymous: (CtTypeReferenceImpl) org.apache.commons.logging.Log @ core/src/main/java/org/apache/commons/digester3/SetNestedPropertiesRule.java:105:13[0m
  [34mfield (CtFieldImpl) log @ core/src/main/java/org/apache/commons/digester3/SetNestedPropertiesRule.java:105:17 had a null type. The type likely was an attribute, external dependency, or some other type not handled by the abstractor so using anyDesc.[0m
  getting parent type for (CtClassImpl) AnyChildRule @ core/src/main/java/org/apache/commons/digester3/SetNestedPropertiesRule.java:438:19
  [34mskipping default constructor: org.apache.commons.digester3.SetNestedPropertiesRule$AnyChildRule()[0m
  getting parent type for (CtClassImpl) AnyChildRules @ core/src/main/java/org/apache/commons/digester3/SetNestedPropertiesRule.java:330:19
  [34mIgnoring implicit executable reference: (CtExecutableReferenceImpl) <init>[0m
  [34mIgnoring implicit executable reference: (CtExecutableReferenceImpl) <init>[0m
  [34mIgnoring implicit executable reference: (CtExecutableReferenceImpl) <init>[0m
  [31mType description did not have a declaration but was not labelled a anonymous: (CtTypeReferenceImpl) org.apache.commons.logging.Log[0m
  [31mType description did not have a declaration but was not labelled a anonymous: (CtTypeReferenceImpl) org.apache.commons.logging.Log[0m
  [34mUnused type args: [T @ core/src/main/java/org/apache/commons/digester3/Digester.java:1651:22][0m
  [34mIgnoring implicit executable reference: (CtExecutableReferenceImpl) <init>[0m
  [34mUnused type args: [org.xml.sax.InputSource][0m
  [31mType description did not have a declaration but was not labelled a anonymous: (CtTypeReferenceImpl) org.apache.commons.logging.Log[0m
  [31mType description did not have a declaration but was not labelled a anonymous: (CtTypeReferenceImpl) org.apache.commons.logging.Log[0m
  [34mUnused type args: [T][0m
  [34mUnused type args: [T][0m
  [34mUnused type args: [T][0m
  [34mIgnoring anonymous type: (CtTypeReferenceImpl) org.apache.commons.digester3.Digester$5[0m
  [34mIgnoring implicit executable reference: (CtExecutableReferenceImpl) <init>[0m
  [34mIgnoring anonymous type: (CtTypeReferenceImpl) org.apache.commons.digester3.Digester$5[0m
  [34mUnused type args: [T @ core/src/main/java/org/apache/commons/digester3/Digester.java:1797:41][0m
  [34mIgnoring anonymous object declaration: (CtClassImpl) 5 @ core/src/main/java/org/apache/commons/digester3/Digester.java:1798:9[0m
  [34mUnused type args: [T][0m
  [34mIgnoring implicit executable reference: (CtExecutableReferenceImpl) <init>[0m
  [34mIgnoring implicit executable reference: (CtExecutableReferenceImpl) <init>[0m
  [34mIgnoring method of an anonymous declaring type: (CtMethodImpl) call @ core/src/main/java/org/apache/commons/digester3/Digester.java:1800:22 in (CtClassImpl) 5 @ core/src/main/java/org/apache/commons/digester3/Digester.java:1798:9[0m
  [34mUnused type args: [T @ core/src/main/java/org/apache/commons/digester3/Digester.java:1803:39][0m
  [31mType description did not have a declaration but was not labelled a anonymous: (CtTypeReferenceImpl) org.apache.commons.logging.Log[0m
  [31mType description did not have a declaration but was not labelled a anonymous: (CtTypeReferenceImpl) org.apache.commons.logging.Log[0m
  [31mType description did not have a declaration but was not labelled a anonymous: (CtTypeReferenceImpl) org.apache.commons.logging.Log[0m
  [31mType description did not have a declaration but was not labelled a anonymous: (CtTypeReferenceImpl) org.apache.commons.logging.Log[0m
  [31mType description did not have a declaration but was not labelled a anonymous: (CtTypeReferenceImpl) org.apache.commons.logging.Log[0m
  [31mType description did not have a declaration but was not labelled a anonymous: (CtTypeReferenceImpl) org.apache.commons.logging.Log[0m
  [31mType description did not have a declaration but was not labelled a anonymous: (CtTypeReferenceImpl) org.apache.commons.logging.Log[0m
  [31mType description did not have a declaration but was not labelled a anonymous: (CtTypeReferenceImpl) org.apache.commons.logging.Log[0m
  [34mUnused type args: [org.apache.commons.digester3.Rule][0m
  [31mType description did not have a declaration but was not labelled a anonymous: (CtTypeReferenceImpl) org.apache.commons.logging.Log[0m
  [31mType description did not have a declaration but was not labelled a anonymous: (CtTypeReferenceImpl) org.apache.commons.logging.Log[0m
  [31mType description did not have a declaration but was not labelled a anonymous: (CtTypeReferenceImpl) org.apache.commons.logging.Log[0m
  [31mType description did not have a declaration but was not labelled a anonymous: (CtTypeReferenceImpl) org.apache.commons.logging.Log[0m
  Pending package java.lang.reflect
  [31mType description did not have a declaration but was not labelled a anonymous: (CtTypeReferenceImpl) net.sf.cglib.proxy.Factory @ core/src/main/java/org/apache/commons/digester3/ObjectCreateRule.java:98:17[0m
  [34mfield (CtFieldImpl) factory @ core/src/main/java/org/apache/commons/digester3/ObjectCreateRule.java:98:25 had a null type. The type likely was an attribute, external dependency, or some other type not handled by the abstractor so using anyDesc.[0m
  getting parent type for (CtClassImpl) ProxyManager @ core/src/main/java/org/apache/commons/digester3/ObjectCreateRule.java:91:26
  getting parent type for (CtClassImpl) DeferredConstructionCallback @ core/src/main/java/org/apache/commons/digester3/ObjectCreateRule.java:48:26
  [31mType description did not have a declaration but was not labelled a anonymous: (CtTypeReferenceImpl) net.sf.cglib.proxy.MethodProxy @ core/src/main/java/org/apache/commons/digester3/ObjectCreateRule.java:61:76[0m
  [34margument (CtParameterImpl) proxy @ core/src/main/java/org/apache/commons/digester3/ObjectCreateRule.java:61:88 had a null type. The type likely was an attribute, external dependency, or some other type not handled by the abstractor so using anyDesc.[0m
  [31mUnhandled super-interface (null) for {
    context: "object decl (CtClassImpl) DeferredConstructionCallback @ core/src/main/java/org/apache/commons/digester3/ObjectCreateRule.java:48:26",
    index: -1,
    kind: object,
    ref: true,
  }[0m
  [34mIgnoring implicit executable reference: (CtExecutableReferenceImpl) <init>[0m
  [34mIgnoring implicit executable reference: (CtExecutableReferenceImpl) <init>[0m
  [34mUnused type args: [java.lang.Object @ core/src/main/java/org/apache/commons/digester3/Digester.java:2835:15][0m
  [34mUnused type args: [java.lang.String, java.util.Stack][0m
  [34mUnused type args: [java.lang.Object][0m
  [34mUnused type args: [java.lang.Object][0m
  [34mUnused type args: [java.lang.Object][0m
  [34mUnused type args: [java.lang.Object][0m
  [34mIgnoring implicit executable reference: (CtExecutableReferenceImpl) <init>[0m
  [34mIgnoring implicit executable reference: (CtExecutableReferenceImpl) <init>[0m
  [34mUnused type args: [org.xml.sax.InputSource][0m
  [31mType description did not have a declaration but was not labelled a anonymous: (CtTypeReferenceImpl) org.apache.commons.logging.Log[0m
  [31mType description did not have a declaration but was not labelled a anonymous: (CtTypeReferenceImpl) org.apache.commons.logging.Log[0m
  [31mType description did not have a declaration but was not labelled a anonymous: (CtTypeReferenceImpl) org.apache.commons.logging.Log[0m
  [31mType description did not have a declaration but was not labelled a anonymous: (CtTypeReferenceImpl) org.apache.commons.logging.Log[0m
  [34mUnused type args: [org.xml.sax.InputSource][0m
  [31mType description did not have a declaration but was not labelled a anonymous: (CtTypeReferenceImpl) org.apache.commons.logging.Log[0m
  [31mType description did not have a declaration but was not labelled a anonymous: (CtTypeReferenceImpl) org.apache.commons.logging.Log[0m
  [31mType description did not have a declaration but was not labelled a anonymous: (CtTypeReferenceImpl) org.apache.commons.logging.Log[0m
  [31mType description did not have a declaration but was not labelled a anonymous: (CtTypeReferenceImpl) org.apache.commons.logging.Log[0m
  [34mUnused type args: [java.lang.String @ core/src/main/java/org/apache/commons/digester3/Digester.java:1399:15][0m
  [34mUnused type args: [java.lang.String, java.util.Stack][0m
  [34mUnused type args: [java.lang.String][0m
  [34mUnused type args: [java.lang.String][0m
  [34mUnused type args: [java.lang.String][0m
  [34mUnused type args: [java.lang.String][0m
  [34mUnused type args: [java.lang.String][0m
  [34mIgnoring implicit executable reference: (CtExecutableReferenceImpl) <init>[0m
  [34mUnused type args: [java.lang.String @ core/src/main/java/org/apache/commons/digester3/Digester.java:1402:31][0m
  [34mUnused type args: [java.lang.String, java.util.Stack][0m
  [34mUnused type args: [java.lang.String][0m
  [34mUnused type args: [java.lang.String][0m
  [34mUnused type args: [java.lang.String][0m
  [34mUnused type args: [java.lang.String][0m
  [34mUnused type args: [?][0m
  [34mUnused type args: [?][0m
  [34mUnused type args: [?][0m
  [34mUnused type args: [?][0m
  [34mUnused type args: [java.lang.String, java.net.URL][0m
  [34mUnused type args: [java.lang.String, java.net.URL][0m
  [34mUnused type args: [?, ?][0m
  [34mUnused type args: [java.lang.String, java.net.URL][0m
  [34mIgnoring implicit executable reference: (CtExecutableReferenceImpl) <init>[0m
  [34mUnused type args: [java.lang.Object][0m
  [31mType description did not have a declaration but was not labelled a anonymous: (CtTypeReferenceImpl) org.apache.commons.logging.Log[0m
  [31mType description did not have a declaration but was not labelled a anonymous: (CtTypeReferenceImpl) org.apache.commons.logging.Log[0m
  [34mUnused type args: [T @ core/src/main/java/org/apache/commons/digester3/Digester.java:2649:26][0m
  [34mUnused type args: [java.lang.Object][0m
  [31mType description did not have a declaration but was not labelled a anonymous: (CtTypeReferenceImpl) org.apache.commons.logging.Log[0m
  [31mType description did not have a declaration but was not labelled a anonymous: (CtTypeReferenceImpl) org.apache.commons.logging.Log[0m
  [34mIgnoring implicit executable reference: (CtExecutableReferenceImpl) <init>[0m
  [34mUnused type args: [?][0m
  [34mUnused type args: [?][0m
  [34mIgnoring implicit executable reference: (CtExecutableReferenceImpl) <init>[0m
  [34mIgnoring implicit executable reference: (CtExecutableReferenceImpl) <init>[0m
  [34mUnused type args: [?][0m
  [34mUnused type args: [?][0m
  [34mUnused type args: [?][0m
  [34mUnused type args: [?][0m
  [34mUnused type args: [java.lang.Object[]][0m
  [31mType description did not have a declaration but was not labelled a anonymous: (CtTypeReferenceImpl) org.apache.commons.logging.Log[0m
  [31mType description did not have a declaration but was not labelled a anonymous: (CtTypeReferenceImpl) org.apache.commons.logging.Log[0m
  [34mUnused type args: [java.lang.Object[]][0m
  [31mType description did not have a declaration but was not labelled a anonymous: (CtTypeReferenceImpl) org.apache.commons.logging.Log[0m
  [31mType description did not have a declaration but was not labelled a anonymous: (CtTypeReferenceImpl) org.apache.commons.logging.Log[0m
  [34mIgnoring implicit executable reference: (CtExecutableReferenceImpl) <init>[0m
  [34mUnused type args: [T][0m
  [34mUnused type args: [T][0m
  [34mUnused type args: [T][0m
  [34mIgnoring anonymous type: (CtTypeReferenceImpl) org.apache.commons.digester3.Digester$4[0m
  [34mIgnoring implicit executable reference: (CtExecutableReferenceImpl) <init>[0m
  [34mIgnoring anonymous type: (CtTypeReferenceImpl) org.apache.commons.digester3.Digester$4[0m
  [34mUnused type args: [T @ core/src/main/java/org/apache/commons/digester3/Digester.java:1753:41][0m
  [34mIgnoring anonymous object declaration: (CtClassImpl) 4 @ core/src/main/java/org/apache/commons/digester3/Digester.java:1754:9[0m
  [34mUnused type args: [T][0m
  [34mIgnoring implicit executable reference: (CtExecutableReferenceImpl) <init>[0m
  [34mIgnoring implicit executable reference: (CtExecutableReferenceImpl) <init>[0m
  [34mIgnoring method of an anonymous declaring type: (CtMethodImpl) call @ core/src/main/java/org/apache/commons/digester3/Digester.java:1756:22 in (CtClassImpl) 4 @ core/src/main/java/org/apache/commons/digester3/Digester.java:1754:9[0m
  [34mUnused type args: [T @ core/src/main/java/org/apache/commons/digester3/Digester.java:1759:39][0m
  [34mIgnoring implicit executable reference: (CtExecutableReferenceImpl) <init>[0m
  [34mUnused type args: [T @ core/src/main/java/org/apache/commons/digester3/Digester.java:1783:24][0m
  [31mType description did not have a declaration but was not labelled a anonymous: (CtTypeReferenceImpl) org.apache.commons.logging.Log[0m
  [31mType description did not have a declaration but was not labelled a anonymous: (CtTypeReferenceImpl) org.apache.commons.logging.Log[0m
  [31mType description did not have a declaration but was not labelled a anonymous: (CtTypeReferenceImpl) org.apache.commons.logging.Log[0m
  [31mType description did not have a declaration but was not labelled a anonymous: (CtTypeReferenceImpl) org.apache.commons.logging.Log[0m
  [34mIgnoring implicit executable reference: (CtExecutableReferenceImpl) <init>[0m
  [34mIgnoring implicit executable reference: (CtExecutableReferenceImpl) <init>[0m
  [34mIgnoring implicit executable reference: (CtExecutableReferenceImpl) <init>[0m
  [34mUnused type args: [org.apache.commons.digester3.examples.api.addressbook.AddressBook][0m
  [34mIgnoring implicit executable reference: (CtExecutableReferenceImpl) <init>[0m
  [34mUnused type args: [java.lang.Object][0m
  [34mIgnoring implicit executable reference: (CtExecutableReferenceImpl) <init>[0m
  [34mUnused type args: [T @ core/src/main/java/org/apache/commons/digester3/Digester.java:2866:22][0m
  [34mIgnoring implicit executable reference: (CtExecutableReferenceImpl) <init>[0m
  [34mIgnoring implicit executable reference: (CtExecutableReferenceImpl) <init>[0m
  [34mUnused type args: [T @ core/src/main/java/org/apache/commons/digester3/Digester.java:1739:24][0m
  [34mIgnoring implicit executable reference: (CtExecutableReferenceImpl) <init>[0m
  [31mType description did not have a declaration but was not labelled a anonymous: (CtTypeReferenceImpl) org.apache.commons.logging.Log[0m
  [34mIgnoring implicit executable reference: (CtExecutableReferenceImpl) <init>[0m
  [34mUnused type args: [?][0m
  [34mUnused type args: [?][0m
  [34mUnused type args: [java.lang.Object][0m
  [34mIgnoring implicit executable reference: (CtExecutableReferenceImpl) <init>[0m
  [34mUnused type args: [T @ core/src/main/java/org/apache/commons/digester3/Digester.java:2669:30][0m
  [34mUnused type args: [java.lang.Object][0m
  [34mUnused type args: [T][0m
  [31mType description did not have a declaration but was not labelled a anonymous: (CtTypeReferenceImpl) org.apache.commons.logging.Log[0m
  [31mType description did not have a declaration but was not labelled a anonymous: (CtTypeReferenceImpl) org.apache.commons.logging.Log[0m
  [34mIgnoring implicit executable reference: (CtExecutableReferenceImpl) <init>[0m
  [34mIgnoring implicit executable reference: (CtExecutableReferenceImpl) <init>[0m
  [31mType description did not have a declaration but was not labelled a anonymous: (CtTypeReferenceImpl) org.apache.commons.logging.Log[0m
  [31mType description did not have a declaration but was not labelled a anonymous: (CtTypeReferenceImpl) org.apache.commons.logging.Log[0m
  [31mType description did not have a declaration but was not labelled a anonymous: (CtTypeReferenceImpl) org.apache.commons.logging.Log[0m
  [31mType description did not have a declaration but was not labelled a anonymous: (CtTypeReferenceImpl) org.apache.commons.logging.Log[0m
  [34mUnused type args: [java.lang.Object[]][0m
  [34mIgnoring implicit executable reference: (CtExecutableReferenceImpl) <init>[0m
  [31mType description did not have a declaration but was not labelled a anonymous: (CtTypeReferenceImpl) org.apache.commons.logging.Log[0m
  [34mUnused type args: [java.lang.String, java.lang.String][0m
  [34mIgnoring implicit executable reference: (CtExecutableReferenceImpl) <init>[0m
  [31mType description did not have a declaration but was not labelled a anonymous: (CtTypeReferenceImpl) org.apache.commons.logging.Log[0m
  [31mType description did not have a declaration but was not labelled a anonymous: (CtTypeReferenceImpl) org.apache.commons.logging.Log[0m
  [31mType description did not have a declaration but was not labelled a anonymous: (CtTypeReferenceImpl) org.apache.commons.logging.Log[0m
  [31mType description did not have a declaration but was not labelled a anonymous: (CtTypeReferenceImpl) org.apache.commons.logging.Log[0m
  [34mIgnoring implicit executable reference: (CtExecutableReferenceImpl) <init>[0m
  [34mIgnoring implicit executable reference: (CtExecutableReferenceImpl) <init>[0m
  [34mUnused type args: [?][0m
  [34mUnused type args: [org.apache.commons.digester3.examples.api.addressbook.Person][0m
  [34mUnused type args: [org.apache.commons.digester3.examples.api.addressbook.Person][0m
  [31mType description did not have a declaration but was not labelled a anonymous: (CtTypeReferenceImpl) org.apache.commons.logging.Log[0m
  [31mType description did not have a declaration but was not labelled a anonymous: (CtTypeReferenceImpl) org.apache.commons.logging.Log[0m
  [31mType description did not have a declaration but was not labelled a anonymous: (CtTypeReferenceImpl) org.apache.commons.logging.Log[0m
  [31mType description did not have a declaration but was not labelled a anonymous: (CtTypeReferenceImpl) org.apache.commons.logging.Log[0m
  [31mType description did not have a declaration but was not labelled a anonymous: (CtTypeReferenceImpl) org.apache.commons.logging.Log[0m
  [31mType description did not have a declaration but was not labelled a anonymous: (CtTypeReferenceImpl) org.apache.commons.logging.Log[0m
  [34mUnused type args: [java.lang.StringBuilder][0m
  [31mType description did not have a declaration but was not labelled a anonymous: (CtTypeReferenceImpl) org.apache.commons.logging.Log[0m
  [31mType description did not have a declaration but was not labelled a anonymous: (CtTypeReferenceImpl) org.apache.commons.logging.Log[0m
  [34mIgnoring implicit executable reference: (CtExecutableReferenceImpl) <init>[0m
  [34mIgnoring implicit executable reference: (CtExecutableReferenceImpl) <init>[0m
  [31mType description did not have a declaration but was not labelled a anonymous: (CtTypeReferenceImpl) org.apache.commons.logging.Log[0m
  [31mType description did not have a declaration but was not labelled a anonymous: (CtTypeReferenceImpl) org.apache.commons.logging.Log[0m
  [34mUnused type args: [org.apache.commons.digester3.Rule @ core/src/main/java/org/apache/commons/digester3/Digester.java:1345:14][0m
  [34mUnused type args: [org.apache.commons.digester3.Rule][0m
  [34mUnused type args: [java.util.List][0m
  [34mUnused type args: [org.apache.commons.digester3.Rule][0m
  [34mUnused type args: [org.apache.commons.digester3.Rule][0m
  [34mUnused type args: [org.apache.commons.digester3.Rule][0m
  [34mUnused type args: [org.apache.commons.digester3.Rule][0m
  [34mUnused type args: [org.apache.commons.digester3.Rule][0m
  [34mUnused type args: [org.apache.commons.digester3.Rule][0m
  [34mUnused type args: [org.apache.commons.digester3.Rule][0m
  [31mType description did not have a declaration but was not labelled a anonymous: (CtTypeReferenceImpl) org.apache.commons.logging.Log[0m
  [31mType description did not have a declaration but was not labelled a anonymous: (CtTypeReferenceImpl) org.apache.commons.logging.Log[0m
  [31mType description did not have a declaration but was not labelled a anonymous: (CtTypeReferenceImpl) org.apache.commons.logging.Log[0m
  [31mType description did not have a declaration but was not labelled a anonymous: (CtTypeReferenceImpl) org.apache.commons.logging.Log[0m
  [31mType description did not have a declaration but was not labelled a anonymous: (CtTypeReferenceImpl) org.apache.commons.logging.Log[0m
  [31mType description did not have a declaration but was not labelled a anonymous: (CtTypeReferenceImpl) org.apache.commons.logging.Log[0m
  [31mType description did not have a declaration but was not labelled a anonymous: (CtTypeReferenceImpl) org.apache.commons.logging.Log[0m
  [31mType description did not have a declaration but was not labelled a anonymous: (CtTypeReferenceImpl) org.apache.commons.logging.Log[0m
  [34mIgnoring implicit executable reference: (CtExecutableReferenceImpl) <init>[0m
  [34mIgnoring implicit executable reference: (CtExecutableReferenceImpl) <init>[0m
  [34mUnused type args: [T @ core/src/main/java/org/apache/commons/digester3/Digester.java:2780:22][0m
  [34mUnused type args: [java.lang.Object][0m
  [31mType description did not have a declaration but was not labelled a anonymous: (CtTypeReferenceImpl) org.apache.commons.logging.Log[0m
  [31mType description did not have a declaration but was not labelled a anonymous: (CtTypeReferenceImpl) org.apache.commons.logging.Log[0m
  [31mType description did not have a declaration but was not labelled a anonymous: (CtTypeReferenceImpl) org.apache.commons.logging.Log[0m
  [31mType description did not have a declaration but was not labelled a anonymous: (CtTypeReferenceImpl) org.apache.commons.logging.Log[0m
  [34mIgnoring implicit executable reference: (CtExecutableReferenceImpl) <init>[0m
  [31mType description did not have a declaration but was not labelled a anonymous: (CtTypeReferenceImpl) org.apache.commons.logging.Log[0m
  [31mType description did not have a declaration but was not labelled a anonymous: (CtTypeReferenceImpl) org.apache.commons.logging.Log[0m
  [31mType description did not have a declaration but was not labelled a anonymous: (CtTypeReferenceImpl) org.apache.commons.logging.Log[0m
  [31mType description did not have a declaration but was not labelled a anonymous: (CtTypeReferenceImpl) org.apache.commons.logging.Log[0m
  [31mType description did not have a declaration but was not labelled a anonymous: (CtTypeReferenceImpl) org.apache.commons.logging.Log[0m
  [31mType description did not have a declaration but was not labelled a anonymous: (CtTypeReferenceImpl) org.apache.commons.logging.Log[0m
  [31mType description did not have a declaration but was not labelled a anonymous: (CtTypeReferenceImpl) org.apache.commons.logging.Log[0m
  [31mType description did not have a declaration but was not labelled a anonymous: (CtTypeReferenceImpl) org.apache.commons.logging.Log[0m
  [34mUnused type args: [java.lang.Object @ core/src/main/java/org/apache/commons/digester3/Digester.java:2745:15][0m
  [34mUnused type args: [java.lang.String, java.util.Stack][0m
  [34mUnused type args: [java.lang.Object][0m
  [34mUnused type args: [java.lang.Object][0m
  [34mUnused type args: [java.lang.Object][0m
  [31mType description did not have a declaration but was not labelled a anonymous: (CtTypeReferenceImpl) org.apache.commons.logging.Log[0m
  [31mType description did not have a declaration but was not labelled a anonymous: (CtTypeReferenceImpl) org.apache.commons.logging.Log[0m
  [31mType description did not have a declaration but was not labelled a anonymous: (CtTypeReferenceImpl) org.apache.commons.logging.Log[0m
  [31mType description did not have a declaration but was not labelled a anonymous: (CtTypeReferenceImpl) org.apache.commons.logging.Log[0m
  [34mIgnoring implicit executable reference: (CtExecutableReferenceImpl) <init>[0m
  [34mUnused type args: [T @ core/src/main/java/org/apache/commons/digester3/Digester.java:2755:24][0m
  [34mUnused type args: [java.lang.Object][0m
  [34mUnused type args: [T][0m
  [34mIgnoring implicit executable reference: (CtExecutableReferenceImpl) <init>[0m
  [34mIgnoring implicit executable reference: (CtExecutableReferenceImpl) <init>[0m
  [31mType description did not have a declaration but was not labelled a anonymous: (CtTypeReferenceImpl) org.apache.commons.logging.Log[0m
  [31mType description did not have a declaration but was not labelled a anonymous: (CtTypeReferenceImpl) org.apache.commons.logging.Log[0m
  [34mIgnoring implicit executable reference: (CtExecutableReferenceImpl) <init>[0m
  [34mIgnoring implicit executable reference: (CtExecutableReferenceImpl) <init>[0m
  [31mType description did not have a declaration but was not labelled a anonymous: (CtTypeReferenceImpl) org.apache.commons.logging.Log[0m
  [31mType description did not have a declaration but was not labelled a anonymous: (CtTypeReferenceImpl) org.apache.commons.logging.Log[0m
  [31mType description did not have a declaration but was not labelled a anonymous: (CtTypeReferenceImpl) org.apache.commons.logging.Log[0m
  [31mType description did not have a declaration but was not labelled a anonymous: (CtTypeReferenceImpl) org.apache.commons.logging.Log[0m
  [34mUnused type args: [java.lang.Object[]][0m
  [31mType description did not have a declaration but was not labelled a anonymous: (CtTypeReferenceImpl) org.apache.commons.logging.Log[0m
  [31mType description did not have a declaration but was not labelled a anonymous: (CtTypeReferenceImpl) org.apache.commons.logging.Log[0m
  [34mUnused type args: [?][0m
  [34mIgnoring implicit executable reference: (CtExecutableReferenceImpl) <init>[0m
  [34mUnused type args: [?][0m
  [34mUnused type args: [?][0m
  [34mUnused type args: [T @ core/src/main/java/org/apache/commons/digester3/Digester.java:2622:26][0m
  [34mUnused type args: [java.lang.Object][0m
  [31mType description did not have a declaration but was not labelled a anonymous: (CtTypeReferenceImpl) org.apache.commons.logging.Log[0m
  [31mType description did not have a declaration but was not labelled a anonymous: (CtTypeReferenceImpl) org.apache.commons.logging.Log[0m
  [34mIgnoring implicit executable reference: (CtExecutableReferenceImpl) <init>[0m
  [34mIgnoring implicit executable reference: (CtExecutableReferenceImpl) <init>[0m
[34mFinished process pending packages (1.871013s)[0m
Exception in thread "main" java.lang.Exception: Error while processing metrics (CtMethodImpl) setSAXLogger @ core/src/main/java/org/apache/commons/digester3/Digester.java:520:17: {
  elem: "(CtMethodImpl) setSAXLogger @ core/src/main/java/org/apache/commons/digester3/Digester.java:520:17",
}
	at abstractor.core.constructs.Factory.create(Factory.java:132)
	at abstractor.core.constructs.Factory.create(Factory.java:147)
	at abstractor.core.Abstractor.addMetrics(Abstractor.java:962)
	at abstractor.core.Abstractor.processPendingMetrics(Abstractor.java:1392)
	at abstractor.core.Abstractor.processPendingPackages(Abstractor.java:1346)
	at abstractor.core.Abstractor.lambda$performAbstraction$40(Abstractor.java:1332)
	at abstractor.core.log.Logger.measure(Logger.java:123)
	at abstractor.core.Abstractor.performAbstraction(Abstractor.java:1332)
	at abstractor.app.App.run(App.java:26)
	at abstractor.app.App.main(App.java:17)
Caused by: java.lang.NullPointerException: Cannot invoke "spoon.reflect.reference.CtTypeReference.isPrimitive()" because "tr" is null
	at abstractor.core.spoonUtils.SpoonUtils.isVoid(SpoonUtils.java:165)
	at abstractor.core.tools.Analyzer.addAssignmentUsage(Analyzer.java:460)
	at abstractor.core.tools.Analyzer.addUsage(Analyzer.java:398)
	at abstractor.core.tools.Analyzer.addElement(Analyzer.java:133)
	at abstractor.core.tools.Analyzer.addMethod(Analyzer.java:111)
	at abstractor.core.Abstractor.lambda$addMetrics$31(Abstractor.java:967)
	at abstractor.core.constructs.Factory.lambda$create$1(Factory.java:147)
	at abstractor.core.constructs.Factory.create(Factory.java:109)
	... 9 more
