# cmd: java -jar /Users/grantnelson/go/src/github.com/MSUSEL/msusel-tdmetrics-go/javaAbstractor/target/abstractor-0.1-jar-with-dependencies.jar -i /Users/grantnelson/go/src/github.com/apache/commons-dbutils/ -o /Users/grantnelson/go/src/github.com/MSUSEL/msusel-tdmetrics-go/tdd/abstractions/commons-dbutils.json -v
# cwd: /Users/grantnelson/go/src/github.com/MSUSEL/msusel-tdmetrics-go/tdd
# repo: /Users/grantnelson/go/src/github.com/apache/commons-dbutils @ 2f48485a82697d9aed060ba36f6d5beb3a58ed8b
# started: 2026-08-17T18:30:53.518343+00:00
# timeout_min: 10
# ---
Reading /Users/grantnelson/go/src/github.com/apache/commons-dbutils/
SLF4J(W): No SLF4J providers were found.
SLF4J(W): Defaulting to no-operation (NOP) logger implementation
SLF4J(W): See https://www.slf4j.org/codes.html#noProviders for further details.
Init pending package <unnamed>
Init pending package org
Init pending package org.apache
Init pending package org.apache.commons
Init pending package org.apache.commons.dbutils
Init pending package org.apache.commons.dbutils.handlers
Init pending package org.apache.commons.dbutils.handlers.columns
Init pending package org.apache.commons.dbutils.handlers.properties
Init pending package org.apache.commons.dbutils.wrappers
[34mStarting process pending packages...[0m
  [34mskipping default constructor: org.apache.commons.dbutils.handlers.properties.DatePropertyHandler()[0m
  Pending package java.lang
  Pending package java.lang.invoke
  [34mskipping default constructor: org.apache.commons.dbutils.handlers.properties.StringEnumPropertyHandler()[0m
  [34mUnused type args: [java.lang.Enum][0m
  [34mUnused type args: [java.lang.Enum][0m
  [34mUnused type args: [T][0m
  [34mUnused type args: [?][0m
  [34mUnused type args: [java.lang.Enum][0m
  [34mUnused type args: [?][0m
  [34mUnused type args: [U][0m
  [34mSkipping selection with no field declaration: (CtFieldReferenceImpl) class[0m
  [34mSkipping selection with no field declaration: (CtFieldReferenceImpl) class[0m
  [34mUnused type args: [?][0m
  Pending package java.sql
  [34mIgnoring implicit executable reference: (CtExecutableReferenceImpl) <init>[0m
  Pending package java.util
  [34mIgnoring implicit executable reference: (CtExecutableReferenceImpl) <init>[0m
  [34mIgnoring implicit executable reference: (CtExecutableReferenceImpl) <init>[0m
  [34mUnused type args: [?][0m
  [34mUnused type args: [?][0m
  Pending package java.lang.reflect
  Pending package org.apache.commons.dbutils
  Pending package java.io
  Pending package java.math
  Pending package java.net
  [34mUnused type args: [java.sql.ResultSet][0m
  [34mUnused type args: [T][0m
  [34mSkipping selection with no field declaration: (CtFieldReferenceImpl) class[0m
  [34mSkipping selection with no field declaration: (CtFieldReferenceImpl) class[0m
  [34mIgnoring implicit executable reference: (CtExecutableReferenceImpl) <init>[0m
  [34mIgnoring implicit executable reference: (CtExecutableReferenceImpl) <init>[0m
  [34mIgnoring implicit executable reference: (CtExecutableReferenceImpl) <init>[0m
  [34mUnused type args: [java.sql.CallableStatement][0m
  [34mUnused type args: [T][0m
  [34mSkipping selection with no field declaration: (CtFieldReferenceImpl) class[0m
  [34mSkipping selection with no field declaration: (CtFieldReferenceImpl) class[0m
  [34mIgnoring implicit executable reference: (CtExecutableReferenceImpl) <init>[0m
  [34mIgnoring implicit executable reference: (CtExecutableReferenceImpl) <init>[0m
  [34mIgnoring implicit executable reference: (CtExecutableReferenceImpl) <init>[0m
  [34mUnused type args: [java.sql.Statement][0m
  [34mUnused type args: [T][0m
  [34mSkipping selection with no field declaration: (CtFieldReferenceImpl) class[0m
  [34mSkipping selection with no field declaration: (CtFieldReferenceImpl) class[0m
  [34mIgnoring implicit executable reference: (CtExecutableReferenceImpl) <init>[0m
  [34mUnused type args: [T][0m
  Pending package java.lang
  [34mUnused type args: [?][0m
  [34mUnused type args: [?][0m
  [34mUnused type args: [? @ src/main/java/org/apache/commons/dbutils/ProxyFactory.java:69:96][0m
  [34mUnused type args: [T][0m
  [34mUnused type args: [java.sql.Connection][0m
  [34mUnused type args: [T][0m
  [34mSkipping selection with no field declaration: (CtFieldReferenceImpl) class[0m
  [34mSkipping selection with no field declaration: (CtFieldReferenceImpl) class[0m
  [34mUnused type args: [java.sql.ResultSetMetaData][0m
  [34mUnused type args: [T][0m
  [34mSkipping selection with no field declaration: (CtFieldReferenceImpl) class[0m
  [34mSkipping selection with no field declaration: (CtFieldReferenceImpl) class[0m
  [34mIgnoring implicit executable reference: (CtExecutableReferenceImpl) <init>[0m
  [34mIgnoring implicit executable reference: (CtExecutableReferenceImpl) <init>[0m
  [34mIgnoring implicit executable reference: (CtExecutableReferenceImpl) <init>[0m
  [34mUnused type args: [java.sql.Driver][0m
  [34mUnused type args: [T][0m
  [34mSkipping selection with no field declaration: (CtFieldReferenceImpl) class[0m
  [34mSkipping selection with no field declaration: (CtFieldReferenceImpl) class[0m
  [34mIgnoring implicit executable reference: (CtExecutableReferenceImpl) <init>[0m
  [34mUnused type args: [java.sql.PreparedStatement][0m
  [34mUnused type args: [T][0m
  [34mSkipping selection with no field declaration: (CtFieldReferenceImpl) class[0m
  [34mSkipping selection with no field declaration: (CtFieldReferenceImpl) class[0m
  [34mIgnoring implicit executable reference: (CtExecutableReferenceImpl) <init>[0m
  [34mUnused type args: [java.lang.String, java.lang.reflect.Method][0m
  [34mskipping default constructor: org.apache.commons.dbutils.handlers.AbstractKeyedHandler()[0m
  [34mskipping default constructor: org.apache.commons.dbutils.handlers.AbstractListHandler()[0m
  [34mskipping default constructor: org.apache.commons.dbutils.handlers.AbstractListHandler()[0m
  [34mskipping default constructor: org.apache.commons.dbutils.handlers.AbstractKeyedHandler()[0m
  [34mskipping default constructor: org.apache.commons.dbutils.handlers.AbstractListHandler()[0m
  [34mUnused type args: [K][0m
  [34mUnused type args: [K][0m
  [34mUnused type args: [java.lang.String, java.lang.Object][0m
  [34mIgnoring implicit executable reference: (CtExecutableReferenceImpl) <init>[0m
  [34mIgnoring implicit executable reference: (CtExecutableReferenceImpl) <init>[0m
  [34mIgnoring implicit executable reference: (CtExecutableReferenceImpl) <init>[0m
  [34mIgnoring implicit executable reference: (CtExecutableReferenceImpl) <init>[0m
  [34mIgnoring implicit executable reference: (CtExecutableReferenceImpl) <init>[0m
  [34mIgnoring implicit executable reference: (CtExecutableReferenceImpl) <init>[0m
  [34mIgnoring implicit executable reference: (CtExecutableReferenceImpl) <init>[0m
  [34mIgnoring implicit executable reference: (CtExecutableReferenceImpl) <init>[0m
  [34mUnused type args: [V][0m
  [34mUnused type args: [V][0m
  [34mIgnoring implicit executable reference: (CtExecutableReferenceImpl) <init>[0m
  [34mIgnoring implicit executable reference: (CtExecutableReferenceImpl) <init>[0m
  [34mUnused type args: [V][0m
  [34mUnused type args: [V][0m
  [34mIgnoring implicit executable reference: (CtExecutableReferenceImpl) <init>[0m
  [34mIgnoring implicit executable reference: (CtExecutableReferenceImpl) <init>[0m
  [34mUnused type args: [?][0m
  [34mUnused type args: [?][0m
  [34mUnused type args: [K, V][0m
  [34mUnused type args: [K, V][0m
  [34mUnused type args: [V][0m
  [34mUnused type args: [?][0m
  [34mUnused type args: [K, V][0m
  [34mUnused type args: [V][0m
  [34mUnused type args: [T][0m
  [34mUnused type args: [T][0m
  [34mUnused type args: [T][0m
  [34mUnused type args: [T][0m
  [34mUnused type args: [T][0m
  [34mUnused type args: [T][0m
  [34mIgnoring implicit executable reference: (CtExecutableReferenceImpl) <init>[0m
  [34mUnused type args: [K @ src/main/java/org/apache/commons/dbutils/handlers/AbstractKeyedHandler.java:66:28, V @ src/main/java/org/apache/commons/dbutils/handlers/AbstractKeyedHandler.java:66:31][0m
  [34mIgnoring implicit executable reference: (CtExecutableReferenceImpl) <init>[0m
  [34mIgnoring implicit executable reference: (CtExecutableReferenceImpl) <init>[0m
  [34mUnused type args: [T][0m
  [34mUnused type args: [T][0m
  [34mUnused type args: [?][0m
  [34mUnused type args: [?][0m
  [34mUnused type args: [T][0m
  [34mUnused type args: [T][0m
  [34mUnused type args: [?][0m
  [34mIgnoring implicit executable reference: (CtExecutableReferenceImpl) <init>[0m
  [34mIgnoring implicit executable reference: (CtExecutableReferenceImpl) <init>[0m
  [34mIgnoring implicit executable reference: (CtExecutableReferenceImpl) <init>[0m
  [34mIgnoring implicit executable reference: (CtExecutableReferenceImpl) <init>[0m
  [34mUnused type args: [T @ src/main/java/org/apache/commons/dbutils/handlers/AbstractListHandler.java:46:14][0m
  [34mIgnoring implicit executable reference: (CtExecutableReferenceImpl) <init>[0m
  [34mUnused type args: [T @ src/main/java/org/apache/commons/dbutils/handlers/AbstractListHandler.java:46:38][0m
  [34mUnused type args: [T][0m
  [34mUnused type args: [T][0m
  [34mUnused type args: [T][0m
  [34mIgnoring implicit executable reference: (CtExecutableReferenceImpl) <init>[0m
  [34mIgnoring implicit executable reference: (CtExecutableReferenceImpl) <init>[0m
  [34mIgnoring implicit executable reference: (CtExecutableReferenceImpl) <init>[0m
  [34mIgnoring implicit executable reference: (CtExecutableReferenceImpl) <init>[0m
  [34mUnused type args: [?][0m
  [34mUnused type args: [T][0m
  [34mUnused type args: [T][0m
  [34mUnused type args: [?][0m
  [34mUnused type args: [?][0m
  [34mUnused type args: [T][0m
  [34mUnused type args: [T][0m
  [34mUnused type args: [T][0m
  [34mUnused type args: [T][0m
  [34mUnused type args: [T][0m
  [34mUnused type args: [T][0m
  [34mUnused type args: [?][0m
  [34mUnused type args: [T][0m
  [34mUnused type args: [?][0m
  [34mIgnoring implicit executable reference: (CtExecutableReferenceImpl) <init>[0m
  [34mIgnoring implicit executable reference: (CtExecutableReferenceImpl) <init>[0m
  [34mUnused type args: [V][0m
  [34mUnused type args: [V][0m
  [34mIgnoring implicit executable reference: (CtExecutableReferenceImpl) <init>[0m
  [34mIgnoring implicit executable reference: (CtExecutableReferenceImpl) <init>[0m
  [34mUnused type args: [T][0m
  [34mUnused type args: [T][0m
  [34mUnused type args: [T][0m
  [34mUnused type args: [T][0m
  [34mUnused type args: [T][0m
  [34mUnused type args: [T][0m
  [34mIgnoring implicit executable reference: (CtExecutableReferenceImpl) <init>[0m
  [34mIgnoring implicit executable reference: (CtExecutableReferenceImpl) <init>[0m
  [34mUnused type args: [K @ src/main/java/org/apache/commons/dbutils/handlers/AbstractKeyedHandler.java:51:13, V @ src/main/java/org/apache/commons/dbutils/handlers/AbstractKeyedHandler.java:51:16][0m
  [34mUnused type args: [K, V][0m
  [34mUnused type args: [K, V][0m
  [34mUnused type args: [K, V][0m
  [34mUnused type args: [K, V][0m
  [34mUnused type args: [K, V][0m
  [34mUnused type args: [K, V][0m
  [34mUnused type args: [K, V][0m
  [34mUnused type args: [K, V][0m
  [34mUnused type args: [K, V][0m
  [34mUnused type args: [java.lang.String, java.lang.Object][0m
  [34mUnused type args: [java.lang.String, java.lang.Object][0m
  [34mIgnoring implicit executable reference: (CtExecutableReferenceImpl) <init>[0m
  [34mIgnoring implicit executable reference: (CtExecutableReferenceImpl) <init>[0m
  [34mIgnoring implicit executable reference: (CtExecutableReferenceImpl) <init>[0m
  [34mIgnoring implicit executable reference: (CtExecutableReferenceImpl) <init>[0m
  [34mIgnoring implicit executable reference: (CtExecutableReferenceImpl) <init>[0m
  [34mIgnoring implicit executable reference: (CtExecutableReferenceImpl) <init>[0m
  [34mIgnoring implicit executable reference: (CtExecutableReferenceImpl) <init>[0m
  [34mIgnoring implicit executable reference: (CtExecutableReferenceImpl) <init>[0m
  [34mUnused type args: [?][0m
  [34mUnused type args: [T][0m
  [34mUnused type args: [T][0m
  [34mUnused type args: [?][0m
  [34mUnused type args: [?][0m
  [34mUnused type args: [T][0m
  [34mUnused type args: [T][0m
  [34mIgnoring implicit executable reference: (CtExecutableReferenceImpl) <init>[0m
  [34mIgnoring implicit executable reference: (CtExecutableReferenceImpl) <init>[0m
  [34mIgnoring implicit executable reference: (CtExecutableReferenceImpl) <init>[0m
  [34mIgnoring implicit executable reference: (CtExecutableReferenceImpl) <init>[0m
  [34mIgnoring implicit executable reference: (CtExecutableReferenceImpl) <init>[0m
  [34mIgnoring implicit executable reference: (CtExecutableReferenceImpl) <init>[0m
  [34mIgnoring implicit executable reference: (CtExecutableReferenceImpl) <init>[0m
  [34mIgnoring implicit executable reference: (CtExecutableReferenceImpl) <init>[0m
  [34mUnused type args: [K][0m
  [34mUnused type args: [K][0m
  [34mUnused type args: [K][0m
  [34mUnused type args: [K][0m
  [34mUnused type args: [K][0m
  [34mUnused type args: [K][0m
  [34mUnused type args: [java.lang.String, java.lang.Object][0m
  [34mIgnoring implicit executable reference: (CtExecutableReferenceImpl) <init>[0m
  [34mIgnoring implicit executable reference: (CtExecutableReferenceImpl) <init>[0m
  [34mUnused type args: [V][0m
  [34mUnused type args: [K, V][0m
  [34mUnused type args: [K, V][0m
  [34mUnused type args: [V][0m
  [34mUnused type args: [V][0m
  [34mUnused type args: [K, V][0m
  [34mUnused type args: [K, V][0m
  [34mUnused type args: [K, V][0m
  [34mUnused type args: [K, V][0m
  [34mUnused type args: [K, V][0m
  [34mUnused type args: [K, V][0m
  [34mIgnoring implicit executable reference: (CtExecutableReferenceImpl) <init>[0m
  [34mIgnoring implicit executable reference: (CtExecutableReferenceImpl) <init>[0m
  [34mUnused type args: [V][0m
  [34mUnused type args: [V][0m
  [34mIgnoring implicit executable reference: (CtExecutableReferenceImpl) <init>[0m
  [34mIgnoring implicit executable reference: (CtExecutableReferenceImpl) <init>[0m
  [34mUnused type args: [T][0m
  [34mUnused type args: [T][0m
  [34mUnused type args: [T][0m
  [34mUnused type args: [T][0m
  [34mUnused type args: [K][0m
  [34mUnused type args: [K][0m
  [34mUnused type args: [K][0m
  [34mIgnoring implicit executable reference: (CtExecutableReferenceImpl) <init>[0m
  [34mIgnoring implicit executable reference: (CtExecutableReferenceImpl) <init>[0m
  [34mIgnoring implicit executable reference: (CtExecutableReferenceImpl) <init>[0m
  [34mIgnoring implicit executable reference: (CtExecutableReferenceImpl) <init>[0m
  [34mIgnoring implicit executable reference: (CtExecutableReferenceImpl) <init>[0m
  [34mIgnoring implicit executable reference: (CtExecutableReferenceImpl) <init>[0m
  [34mUnused type args: [T][0m
  [34mUnused type args: [T][0m
  [34mUnused type args: [T][0m
  [34mUnused type args: [T][0m
  [34mIgnoring implicit executable reference: (CtExecutableReferenceImpl) <init>[0m
  [34mIgnoring implicit executable reference: (CtExecutableReferenceImpl) <init>[0m
  [34mIgnoring implicit executable reference: (CtExecutableReferenceImpl) <init>[0m
  [34mIgnoring implicit executable reference: (CtExecutableReferenceImpl) <init>[0m
  [34mUnused type args: [?][0m
  [34mUnused type args: [?][0m
  Pending package javax.sql
  getting parent type for (CtClassImpl) Builder @ src/main/java/org/apache/commons/dbutils/StatementConfiguration.java:140:31
  [34mskipping default constructor: org.apache.commons.dbutils.StatementConfiguration$Builder()[0m
  Pending package java.beans
  Pending package java.util.concurrent
  getting parent type for (CtClassImpl) BatchCallableStatement @ src/main/java/org/apache/commons/dbutils/AsyncQueryRunner.java:115:21
  getting parent type for (CtClassImpl) QueryCallableStatement @ src/main/java/org/apache/commons/dbutils/AsyncQueryRunner.java:215:21
  getting parent type for (CtClassImpl) UpdateCallableStatement @ src/main/java/org/apache/commons/dbutils/AsyncQueryRunner.java:373:21
  [34mskipping default constructor: org.apache.commons.dbutils.BaseResultSetHandler()[0m
  getting parent type for (CtClassImpl) Entry
  getting parent type for (CtClassImpl) Node
  Pending package java.util
  getting parent type for (CtInterfaceImpl) Entry
  getting parent type for (CtClassImpl) CaseInsensitiveHashMap @ src/main/java/org/apache/commons/dbutils/BasicRowProcessor.java:190:26
  [34mskipping default constructor: org.apache.commons.dbutils.BasicRowProcessor$CaseInsensitiveHashMap()[0m
  getting parent type for (CtClassImpl) TreeNode
  Pending package java.util.function
  Pending package java.io
  getting parent type for (CtClassImpl) DriverProxy @ src/main/java/org/apache/commons/dbutils/DbUtils.java:339:32
  Pending package java.util.logging
  Pending package java.util.regex
  [34mUnused type args: [T][0m
  [34mUnused type args: [java.lang.String, java.lang.String][0m
  [34mUnused type args: [java.lang.String, java.lang.Object][0m
  [34mUnused type args: [?][0m
  [34mUnused type args: [?][0m
  [34mUnused type args: [?][0m
  [34mUnused type args: [?][0m
  [34mUnused type args: [?][0m
  [34mIgnoring implicit executable reference: (CtExecutableReferenceImpl) <init>[0m
  [34mIgnoring implicit executable reference: (CtExecutableReferenceImpl) <init>[0m
  [34mUnused type args: [T][0m
  [34mUnused type args: [T][0m
  [34mUnused type args: [?][0m
  [34mUnused type args: [?][0m
  [34mUnused type args: [? @ src/main/java/org/apache/commons/dbutils/BeanProcessor.java:299:19][0m
  [34mUnused type args: [?][0m
  [34mUnused type args: [?][0m
  [34mUnused type args: [org.apache.commons.dbutils.PropertyHandler][0m
  [34mUnused type args: [?][0m
  [34mUnused type args: [?][0m
  [34mUnused type args: [?][0m
  [34mUnused type args: [?][0m
  [34mUnused type args: [?][0m
  [34mUnused type args: [?][0m
  [34mIgnoring implicit executable reference: (CtExecutableReferenceImpl) <init>[0m
  [34mUnused type args: [?][0m
  [34mUnused type args: [?][0m
  [34mIgnoring implicit executable reference: (CtExecutableReferenceImpl) <init>[0m
  [34mIgnoring implicit executable reference: (CtExecutableReferenceImpl) <init>[0m
  [34mIgnoring implicit executable reference: (CtExecutableReferenceImpl) <init>[0m
  [34mUnused type args: [T][0m
  [34mIgnoring implicit executable reference: (CtExecutableReferenceImpl) <init>[0m
  [34mIgnoring implicit executable reference: (CtExecutableReferenceImpl) <init>[0m
  [34mUnused type args: [T][0m
  [34mUnused type args: [T][0m
  [34mUnused type args: [T][0m
  [34mIgnoring anonymous type: (CtTypeReferenceImpl) org.apache.commons.dbutils.AsyncQueryRunner$4[0m
  [34mIgnoring implicit executable reference: (CtExecutableReferenceImpl) <init>[0m
  [34mIgnoring anonymous type: (CtTypeReferenceImpl) org.apache.commons.dbutils.AsyncQueryRunner$4[0m
  [34mUnused type args: [T @ src/main/java/org/apache/commons/dbutils/AsyncQueryRunner.java:311:52][0m
  [34mIgnoring anonymous object declaration: (CtClassImpl) 4 @ src/main/java/org/apache/commons/dbutils/AsyncQueryRunner.java:311:57[0m
  [34mUnused type args: [T][0m
  [34mIgnoring implicit executable reference: (CtExecutableReferenceImpl) <init>[0m
  [34mIgnoring implicit executable reference: (CtExecutableReferenceImpl) <init>[0m
  [34mIgnoring method of an anonymous declaring type: (CtMethodImpl) call @ src/main/java/org/apache/commons/dbutils/AsyncQueryRunner.java:314:22 in (CtClassImpl) 4 @ src/main/java/org/apache/commons/dbutils/AsyncQueryRunner.java:311:57[0m
  [34mUnused type args: [T][0m
  [34mUnused type args: [T][0m
  [34mUnused type args: [T][0m
  [34mIgnoring implicit executable reference: (CtExecutableReferenceImpl) <init>[0m
  [34mIgnoring implicit executable reference: (CtExecutableReferenceImpl) <init>[0m
  [34mUnused type args: [T][0m
  [34mUnused type args: [T][0m
  [34mUnused type args: [T][0m
  [34mUnused type args: [T][0m
  [34mUnused type args: [T][0m
  [34mUnused type args: [T][0m
  [34mUnused type args: [T][0m
  [34mIgnoring implicit executable reference: (CtExecutableReferenceImpl) <init>[0m
  [34mIgnoring implicit executable reference: (CtExecutableReferenceImpl) <init>[0m
  [34mUnused type args: [T][0m
  [34mUnused type args: [T][0m
  [34mUnused type args: [T][0m
  [34mUnused type args: [T][0m
  [34mUnused type args: [T][0m
  [34mUnused type args: [T][0m
  [34mIgnoring implicit executable reference: (CtExecutableReferenceImpl) <init>[0m
  [34mIgnoring implicit executable reference: (CtExecutableReferenceImpl) <init>[0m
  [34mIgnoring implicit executable reference: (CtExecutableReferenceImpl) <init>[0m
  [34mUnused type args: [T][0m
  [34mUnused type args: [T][0m
  [34mIgnoring implicit executable reference: (CtExecutableReferenceImpl) <init>[0m
  [34mUnused type args: [T][0m
  [34mIgnoring implicit executable reference: (CtExecutableReferenceImpl) <init>[0m
  [34mIgnoring implicit executable reference: (CtExecutableReferenceImpl) <init>[0m
  [34mIgnoring implicit executable reference: (CtExecutableReferenceImpl) <init>[0m
  [34mIgnoring implicit executable reference: (CtExecutableReferenceImpl) <init>[0m
  [34mUnused type args: [T][0m
  [34mUnused type args: [T][0m
  [34mUnused type args: [T][0m
  [34mUnused type args: [T][0m
  [34mIgnoring implicit executable reference: (CtExecutableReferenceImpl) <init>[0m
  [34mIgnoring implicit executable reference: (CtExecutableReferenceImpl) <init>[0m
  [34mUnused type args: [T][0m
  [34mIgnoring implicit executable reference: (CtExecutableReferenceImpl) <init>[0m
  [34mUnused type args: [T][0m
  [34mUnused type args: [T][0m
  [34mUnused type args: [T][0m
  [34mUnused type args: [T][0m
  [34mUnused type args: [T][0m
  [34mUnused type args: [T][0m
  [34mUnused type args: [T][0m
  [34mUnused type args: [T][0m
  [34mUnused type args: [T][0m
  [34mIgnoring implicit executable reference: (CtExecutableReferenceImpl) <init>[0m
  [34mUnused type args: [T][0m
  [34mUnused type args: [T][0m
  [34mUnused type args: [T][0m
  [34mUnused type args: [T][0m
  [34mIgnoring implicit executable reference: (CtExecutableReferenceImpl) <init>[0m
  [34mUnused type args: [T][0m
  [34mIgnoring implicit executable reference: (CtExecutableReferenceImpl) <init>[0m
  [34mUnused type args: [T][0m
  [34mIgnoring implicit executable reference: (CtExecutableReferenceImpl) <init>[0m
  [34mIgnoring implicit executable reference: (CtExecutableReferenceImpl) <init>[0m
  [34mUnused type args: [T][0m
  [34mUnused type args: [T][0m
  [34mUnused type args: [T][0m
  [34mUnused type args: [T][0m
  [34mUnused type args: [T][0m
  [34mUnused type args: [T][0m
  [34mUnused type args: [T][0m
  [34mUnused type args: [T][0m
  [34mUnused type args: [T][0m
  [34mUnused type args: [?][0m
  [34mUnused type args: [?][0m
  [34mIgnoring implicit executable reference: (CtExecutableReferenceImpl) <init>[0m
  [34mUnused type args: [T][0m
  [34mUnused type args: [?][0m
  [34mUnused type args: [?][0m
  [34mIgnoring implicit executable reference: (CtExecutableReferenceImpl) <init>[0m
  [34mIgnoring implicit executable reference: (CtExecutableReferenceImpl) <init>[0m
  [34mIgnoring implicit executable reference: (CtExecutableReferenceImpl) <init>[0m
  [34mIgnoring implicit executable reference: (CtExecutableReferenceImpl) <init>[0m
  [34mUnused type args: [java.lang.String, java.lang.String][0m
  [34mUnused type args: [java.lang.String, java.lang.Object][0m
  [34mUnused type args: [?][0m
  [34mUnused type args: [org.apache.commons.dbutils.ColumnHandler][0m
  [34mUnused type args: [?][0m
  [34mUnused type args: [?][0m
  [34mUnused type args: [T @ src/main/java/org/apache/commons/dbutils/QueryRunner.java:287:22][0m
  [34mUnused type args: [T][0m
  [34mUnused type args: [T][0m
  [34mUnused type args: [T][0m
  [34mUnused type args: [T][0m
  [34mUnused type args: [T][0m
  [34mUnused type args: [T][0m
  [34mUnused type args: [T][0m
  [34mUnused type args: [T][0m
  [34mUnused type args: [T][0m
  [34mUnused type args: [T][0m
  [34mUnused type args: [T][0m
  [34mUnused type args: [T][0m
  [34mIgnoring anonymous type: (CtTypeReferenceImpl) org.apache.commons.dbutils.AsyncQueryRunner$18[0m
  [34mIgnoring implicit executable reference: (CtExecutableReferenceImpl) <init>[0m
  [34mIgnoring anonymous type: (CtTypeReferenceImpl) org.apache.commons.dbutils.AsyncQueryRunner$18[0m
  [34mUnused type args: [T @ src/main/java/org/apache/commons/dbutils/AsyncQueryRunner.java:649:52][0m
  [34mIgnoring anonymous object declaration: (CtClassImpl) 18 @ src/main/java/org/apache/commons/dbutils/AsyncQueryRunner.java:649:57[0m
  [34mUnused type args: [T][0m
  [34mIgnoring implicit executable reference: (CtExecutableReferenceImpl) <init>[0m
  [34mIgnoring implicit executable reference: (CtExecutableReferenceImpl) <init>[0m
  [34mIgnoring method of an anonymous declaring type: (CtMethodImpl) call @ src/main/java/org/apache/commons/dbutils/AsyncQueryRunner.java:652:22 in (CtClassImpl) 18 @ src/main/java/org/apache/commons/dbutils/AsyncQueryRunner.java:649:57[0m
  [34mUnused type args: [T][0m
  [34mUnused type args: [T][0m
  [34mUnused type args: [T][0m
  [34mUnused type args: [T][0m
  [34mIgnoring implicit executable reference: (CtExecutableReferenceImpl) <init>[0m
  [34mIgnoring implicit executable reference: (CtExecutableReferenceImpl) <init>[0m
  [34mUnused type args: [T][0m
  [34mUnused type args: [T][0m
  [34mUnused type args: [T][0m
  [34mUnused type args: [T][0m
  [34mUnused type args: [T][0m
  [34mUnused type args: [T][0m
  [34mUnused type args: [T][0m
  [34mUnused type args: [T][0m
  [34mUnused type args: [T @ src/main/java/org/apache/commons/dbutils/QueryRunner.java:220:22][0m
  [34mUnused type args: [T][0m
  [34mUnused type args: [T][0m
  [34mUnused type args: [T][0m
  [34mUnused type args: [T][0m
  [34mUnused type args: [T][0m
  [34mIgnoring anonymous type: (CtTypeReferenceImpl) org.apache.commons.dbutils.AsyncQueryRunner$17[0m
  [34mIgnoring implicit executable reference: (CtExecutableReferenceImpl) <init>[0m
  [34mIgnoring anonymous type: (CtTypeReferenceImpl) org.apache.commons.dbutils.AsyncQueryRunner$17[0m
  [34mUnused type args: [T @ src/main/java/org/apache/commons/dbutils/AsyncQueryRunner.java:632:52][0m
  [34mIgnoring anonymous object declaration: (CtClassImpl) 17 @ src/main/java/org/apache/commons/dbutils/AsyncQueryRunner.java:632:57[0m
  [34mUnused type args: [T][0m
  [34mIgnoring implicit executable reference: (CtExecutableReferenceImpl) <init>[0m
  [34mIgnoring implicit executable reference: (CtExecutableReferenceImpl) <init>[0m
  [34mIgnoring method of an anonymous declaring type: (CtMethodImpl) call @ src/main/java/org/apache/commons/dbutils/AsyncQueryRunner.java:635:22 in (CtClassImpl) 17 @ src/main/java/org/apache/commons/dbutils/AsyncQueryRunner.java:632:57[0m
  [34mUnused type args: [T][0m
  [34mUnused type args: [T][0m
  [34mUnused type args: [T][0m
  [34mUnused type args: [T][0m
  [34mUnused type args: [java.lang.String @ src/main/java/org/apache/commons/dbutils/QueryLoader.java:85:13, java.lang.String @ src/main/java/org/apache/commons/dbutils/QueryLoader.java:85:21][0m
  [34mUnused type args: [java.lang.String, java.util.Map][0m
  [34mUnused type args: [java.lang.String, java.lang.String][0m
  [34mUnused type args: [java.lang.String, java.lang.String][0m
  [34mUnused type args: [java.lang.String, java.lang.String][0m
  [34mUnused type args: [java.lang.String, java.lang.String][0m
  [34mUnused type args: [java.lang.String, java.lang.String][0m
  [34mUnused type args: [java.lang.String, java.lang.String][0m
  [34mUnused type args: [java.lang.String, java.util.Map][0m
  [34mUnused type args: [java.lang.String, java.lang.String][0m
  [34mUnused type args: [java.lang.String, java.lang.String][0m
  [34mUnused type args: [java.lang.String, java.lang.String][0m
  [34mUnused type args: [java.lang.String, java.lang.String][0m
  [34mUnused type args: [T][0m
  [34mIgnoring implicit executable reference: (CtExecutableReferenceImpl) <init>[0m
  [34mUnused type args: [?][0m
  [34mIgnoring implicit executable reference: (CtExecutableReferenceImpl) <init>[0m
  [34mIgnoring implicit executable reference: (CtExecutableReferenceImpl) <init>[0m
  [34mIgnoring implicit executable reference: (CtExecutableReferenceImpl) <init>[0m
  [34mUnused type args: [java.lang.Integer][0m
  [34mUnused type args: [java.lang.Integer][0m
  [34mUnused type args: [T][0m
  [34mIgnoring anonymous type: (CtTypeReferenceImpl) org.apache.commons.dbutils.AsyncQueryRunner$8[0m
  [34mIgnoring implicit executable reference: (CtExecutableReferenceImpl) <init>[0m
  [34mIgnoring anonymous type: (CtTypeReferenceImpl) org.apache.commons.dbutils.AsyncQueryRunner$8[0m
  [34mUnused type args: [java.lang.Integer @ src/main/java/org/apache/commons/dbutils/AsyncQueryRunner.java:457:52][0m
  [34mIgnoring anonymous object declaration: (CtClassImpl) 8 @ src/main/java/org/apache/commons/dbutils/AsyncQueryRunner.java:457:63[0m
  [34mUnused type args: [java.lang.Integer][0m
  [34mIgnoring implicit executable reference: (CtExecutableReferenceImpl) <init>[0m
  [34mIgnoring implicit executable reference: (CtExecutableReferenceImpl) <init>[0m
  [34mIgnoring method of an anonymous declaring type: (CtMethodImpl) call @ src/main/java/org/apache/commons/dbutils/AsyncQueryRunner.java:460:28 in (CtClassImpl) 8 @ src/main/java/org/apache/commons/dbutils/AsyncQueryRunner.java:457:63[0m
  [34mUnused type args: [T @ src/main/java/org/apache/commons/dbutils/QueryRunner.java:252:22][0m
  [34mUnused type args: [T][0m
  [34mUnused type args: [T][0m
  [34mSkipping selection with no field declaration: (CtFieldReferenceImpl) class[0m
  [34mSkipping selection with no field declaration: (CtFieldReferenceImpl) class[0m
  [34mUnused type args: [T][0m
  [34mUnused type args: [T][0m
  [34mUnused type args: [T @ src/main/java/org/apache/commons/dbutils/QueryRunner.java:347:22][0m
  [34mUnused type args: [T][0m
  [34mUnused type args: [T][0m
  [34mUnused type args: [?][0m
  [34mUnused type args: [?][0m
  [34mUnused type args: [?][0m
  [34mUnused type args: [?][0m
  [34mUnused type args: [T][0m
  [34mUnused type args: [T][0m
  [34mUnused type args: [T][0m
  [34mIgnoring implicit executable reference: (CtExecutableReferenceImpl) <init>[0m
  [34mIgnoring implicit executable reference: (CtExecutableReferenceImpl) <init>[0m
  [34mIgnoring implicit executable reference: (CtExecutableReferenceImpl) <init>[0m
  [34mUnused type args: [T][0m
  [34mUnused type args: [java.lang.String, java.util.Map][0m
  [34mUnused type args: [java.lang.String, java.lang.String][0m
  [34mUnused type args: [java.lang.String, java.lang.String][0m
  [34mIgnoring implicit executable reference: (CtExecutableReferenceImpl) <init>[0m
  [34mIgnoring implicit executable reference: (CtExecutableReferenceImpl) <init>[0m
  [34mIgnoring implicit executable reference: (CtExecutableReferenceImpl) <init>[0m
  [34mUnused type args: [T][0m
  [34mUnused type args: [T][0m
  [34mUnused type args: [T][0m
  [34mUnused type args: [T][0m
  [34mUnused type args: [T][0m
  [34mIgnoring implicit executable reference: (CtExecutableReferenceImpl) <init>[0m
  [34mIgnoring implicit executable reference: (CtExecutableReferenceImpl) <init>[0m
  [34mUnused type args: [T][0m
  [34mIgnoring implicit executable reference: (CtExecutableReferenceImpl) <init>[0m
  [34mIgnoring implicit executable reference: (CtExecutableReferenceImpl) <init>[0m
  [34mUnused type args: [T][0m
  [34mUnused type args: [T][0m
  [34mIgnoring implicit executable reference: (CtExecutableReferenceImpl) <init>[0m
  [34mUnused type args: [T][0m
  [34mUnused type args: [T][0m
  [34mUnused type args: [T][0m
  [34mUnused type args: [T][0m
  [34mUnused type args: [T @ src/main/java/org/apache/commons/dbutils/QueryRunner.java:266:22][0m
  [34mUnused type args: [T][0m
  [34mUnused type args: [T][0m
  [34mUnused type args: [T][0m
  [34mUnused type args: [T][0m
  [34mUnused type args: [?][0m
  [34mIgnoring implicit executable reference: (CtExecutableReferenceImpl) <init>[0m
  [34mIgnoring implicit executable reference: (CtExecutableReferenceImpl) <init>[0m
  [34mUnused type args: [java.lang.String @ src/main/java/org/apache/commons/dbutils/QueryLoader.java:133:17, java.lang.String @ src/main/java/org/apache/commons/dbutils/QueryLoader.java:133:25][0m
  [34mIgnoring implicit executable reference: (CtExecutableReferenceImpl) <init>[0m
  [34mUnused type args: [?, ?][0m
  [34mUnused type args: [java.lang.String, java.lang.String][0m
  [34mUnused type args: [T][0m
  [34mUnused type args: [T][0m
  [34mUnused type args: [T][0m
  [34mUnused type args: [T][0m
  [34mUnused type args: [T][0m
  [34mUnused type args: [T][0m
  [34mUnused type args: [T][0m
  [34mUnused type args: [T][0m
  [34mUnused type args: [T][0m
  [34mUnused type args: [T][0m
  [34mUnused type args: [T][0m
  [34mUnused type args: [T][0m
  [34mUnused type args: [T][0m
  [34mUnused type args: [?][0m
  [34mUnused type args: [T][0m
  [34mUnused type args: [?][0m
  [34mUnused type args: [T][0m
  [34mUnused type args: [T][0m
  [34mUnused type args: [T][0m
  [34mUnused type args: [T][0m
  [34mUnused type args: [T][0m
  [34mUnused type args: [T][0m
  [34mIgnoring implicit executable reference: (CtExecutableReferenceImpl) <init>[0m
  [34mIgnoring implicit executable reference: (CtExecutableReferenceImpl) <init>[0m
  [34mUnused type args: [T][0m
  [34mUnused type args: [T][0m
  [34mUnused type args: [T][0m
  [34mIgnoring anonymous type: (CtTypeReferenceImpl) org.apache.commons.dbutils.AsyncQueryRunner$14[0m
  [34mIgnoring implicit executable reference: (CtExecutableReferenceImpl) <init>[0m
  [34mIgnoring anonymous type: (CtTypeReferenceImpl) org.apache.commons.dbutils.AsyncQueryRunner$14[0m
  [34mUnused type args: [T @ src/main/java/org/apache/commons/dbutils/AsyncQueryRunner.java:581:52][0m
  [34mIgnoring anonymous object declaration: (CtClassImpl) 14 @ src/main/java/org/apache/commons/dbutils/AsyncQueryRunner.java:581:57[0m
  [34mUnused type args: [T][0m
  [34mIgnoring implicit executable reference: (CtExecutableReferenceImpl) <init>[0m
  [34mIgnoring implicit executable reference: (CtExecutableReferenceImpl) <init>[0m
  [34mIgnoring method of an anonymous declaring type: (CtMethodImpl) call @ src/main/java/org/apache/commons/dbutils/AsyncQueryRunner.java:584:22 in (CtClassImpl) 14 @ src/main/java/org/apache/commons/dbutils/AsyncQueryRunner.java:581:57[0m
  [34mUnused type args: [T][0m
  [34mUnused type args: [T][0m
  [34mUnused type args: [T][0m
  [34mUnused type args: [T][0m
  [34mIgnoring anonymous type: (CtTypeReferenceImpl) org.apache.commons.dbutils.ResultSetIterator$1[0m
  [34mIgnoring implicit executable reference: (CtExecutableReferenceImpl) <init>[0m
  [34mIgnoring anonymous type: (CtTypeReferenceImpl) org.apache.commons.dbutils.ResultSetIterator$1[0m
  [34mUnused type args: [java.lang.Object[] @ src/main/java/org/apache/commons/dbutils/ResultSetIterator.java:131:29][0m
  [34mIgnoring anonymous object declaration: (CtClassImpl) 1 @ src/main/java/org/apache/commons/dbutils/ResultSetIterator.java:131:41[0m
  [34mUnused type args: [java.lang.Object[]][0m
  [34mIgnoring implicit executable reference: (CtExecutableReferenceImpl) <init>[0m
  [34mIgnoring implicit executable reference: (CtExecutableReferenceImpl) <init>[0m
  [34mIgnoring method of an anonymous declaring type: (CtMethodImpl) iterator @ src/main/java/org/apache/commons/dbutils/ResultSetIterator.java:134:39 in (CtClassImpl) 1 @ src/main/java/org/apache/commons/dbutils/ResultSetIterator.java:131:41[0m
  [34mUnused type args: [java.lang.Object[] @ src/main/java/org/apache/commons/dbutils/ResultSetIterator.java:134:29][0m
  [34mIgnoring implicit executable reference: (CtExecutableReferenceImpl) <init>[0m
  [34mUnused type args: [T][0m
  [34mUnused type args: [T][0m
  [34mUnused type args: [T][0m
  [34mUnused type args: [T][0m
  [34mUnused type args: [T][0m
  [34mUnused type args: [T][0m
  [34mIgnoring implicit executable reference: (CtExecutableReferenceImpl) <init>[0m
  [34mIgnoring implicit executable reference: (CtExecutableReferenceImpl) <init>[0m
  [34mUnused type args: [T][0m
  [34mUnused type args: [T][0m
  [34mUnused type args: [T][0m
  [34mIgnoring anonymous type: (CtTypeReferenceImpl) org.apache.commons.dbutils.AsyncQueryRunner$6[0m
  [34mIgnoring implicit executable reference: (CtExecutableReferenceImpl) <init>[0m
  [34mIgnoring anonymous type: (CtTypeReferenceImpl) org.apache.commons.dbutils.AsyncQueryRunner$6[0m
  [34mUnused type args: [T @ src/main/java/org/apache/commons/dbutils/AsyncQueryRunner.java:358:52][0m
  [34mIgnoring anonymous object declaration: (CtClassImpl) 6 @ src/main/java/org/apache/commons/dbutils/AsyncQueryRunner.java:358:57[0m
  [34mUnused type args: [T][0m
  [34mIgnoring implicit executable reference: (CtExecutableReferenceImpl) <init>[0m
  [34mIgnoring implicit executable reference: (CtExecutableReferenceImpl) <init>[0m
  [34mIgnoring method of an anonymous declaring type: (CtMethodImpl) call @ src/main/java/org/apache/commons/dbutils/AsyncQueryRunner.java:361:22 in (CtClassImpl) 6 @ src/main/java/org/apache/commons/dbutils/AsyncQueryRunner.java:358:57[0m
  [34mUnused type args: [T][0m
  [34mUnused type args: [T][0m
  [34mUnused type args: [T][0m
  [34mUnused type args: [T][0m
  [34mUnused type args: [T][0m
  [34mUnused type args: [T][0m
  [34mUnused type args: [T][0m
  [34mUnused type args: [T][0m
  [34mUnused type args: [T][0m
  [34mUnused type args: [?][0m
  [34mUnused type args: [?][0m
  [34mUnused type args: [T][0m
  [34mUnused type args: [T][0m
  [34mUnused type args: [T][0m
  [34mIgnoring implicit executable reference: (CtExecutableReferenceImpl) <init>[0m
  [34mIgnoring implicit executable reference: (CtExecutableReferenceImpl) <init>[0m
  [34mIgnoring implicit executable reference: (CtExecutableReferenceImpl) <init>[0m
  [34mIgnoring implicit executable reference: (CtExecutableReferenceImpl) <init>[0m
  [34mUnused type args: [T][0m
  [34mUnused type args: [T][0m
  [34mUnused type args: [T][0m
  [34mUnused type args: [T][0m
  [34mUnused type args: [T][0m
  [34mUnused type args: [T][0m
  [34mUnused type args: [T][0m
  [34mUnused type args: [T][0m
  [34mUnused type args: [T][0m
  [34mUnused type args: [T][0m
  [34mIgnoring implicit executable reference: (CtExecutableReferenceImpl) <init>[0m
  [34mIgnoring implicit executable reference: (CtExecutableReferenceImpl) <init>[0m
  [34mUnused type args: [T][0m
  [34mUnused type args: [T][0m
  [34mUnused type args: [T][0m
  [34mUnused type args: [T][0m
  [34mUnused type args: [T][0m
  [34mUnused type args: [T][0m
  [34mUnused type args: [T][0m
  [34mUnused type args: [T][0m
  [34mUnused type args: [T][0m
  [34mUnused type args: [T][0m
  [34mUnused type args: [T][0m
  [34mUnused type args: [T][0m
  [34mUnused type args: [T][0m
  [34mUnused type args: [T][0m
  [34mUnused type args: [T][0m
  [34mIgnoring implicit executable reference: (CtExecutableReferenceImpl) <init>[0m
  [34mIgnoring implicit executable reference: (CtExecutableReferenceImpl) <init>[0m
  [34mUnused type args: [? @ src/main/java/org/apache/commons/dbutils/DbUtils.java:206:19][0m
  [34mUnused type args: [?][0m
  [34mSkipping selection with no field declaration: (CtFieldReferenceImpl) class[0m
  [34mSkipping selection with no field declaration: (CtFieldReferenceImpl) class[0m
  [34mUnused type args: [?][0m
  [34mUnused type args: [?][0m
  [34mUnused type args: [java.sql.Driver @ src/main/java/org/apache/commons/dbutils/DbUtils.java:213:19][0m
  [34mUnused type args: [java.sql.Driver @ src/main/java/org/apache/commons/dbutils/DbUtils.java:213:48][0m
  [34mUnused type args: [?][0m
  [34mUnused type args: [java.sql.Driver @ src/main/java/org/apache/commons/dbutils/DbUtils.java:214:25][0m
  [34mUnused type args: [java.sql.Driver][0m
  [34mUnused type args: [java.sql.Driver][0m
  [34mUnused type args: [?][0m
  [34mUnused type args: [java.sql.Driver][0m
  [34mUnused type args: [java.sql.Driver][0m
  [34mUnused type args: [java.sql.Driver][0m
  [34mIgnoring implicit executable reference: (CtExecutableReferenceImpl) <init>[0m
  [34mUnused type args: [java.sql.Driver][0m
  [34mUnused type args: [T][0m
  [34mUnused type args: [java.lang.Integer][0m
  [34mUnused type args: [java.lang.Integer][0m
  [34mUnused type args: [T][0m
  [34mIgnoring anonymous type: (CtTypeReferenceImpl) org.apache.commons.dbutils.AsyncQueryRunner$12[0m
  [34mIgnoring implicit executable reference: (CtExecutableReferenceImpl) <init>[0m
  [34mIgnoring anonymous type: (CtTypeReferenceImpl) org.apache.commons.dbutils.AsyncQueryRunner$12[0m
  [34mUnused type args: [java.lang.Integer @ src/main/java/org/apache/commons/dbutils/AsyncQueryRunner.java:545:52][0m
  [34mIgnoring anonymous object declaration: (CtClassImpl) 12 @ src/main/java/org/apache/commons/dbutils/AsyncQueryRunner.java:545:63[0m
  [34mUnused type args: [java.lang.Integer][0m
  [34mIgnoring implicit executable reference: (CtExecutableReferenceImpl) <init>[0m
  [34mIgnoring implicit executable reference: (CtExecutableReferenceImpl) <init>[0m
  [34mIgnoring method of an anonymous declaring type: (CtMethodImpl) call @ src/main/java/org/apache/commons/dbutils/AsyncQueryRunner.java:548:28 in (CtClassImpl) 12 @ src/main/java/org/apache/commons/dbutils/AsyncQueryRunner.java:545:63[0m
  [34mUnused type args: [T][0m
  [34mUnused type args: [T][0m
  [34mUnused type args: [T][0m
  [34mUnused type args: [T][0m
  [34mUnused type args: [T][0m
  [34mIgnoring implicit executable reference: (CtExecutableReferenceImpl) <init>[0m
  [34mIgnoring implicit executable reference: (CtExecutableReferenceImpl) <init>[0m
  [34mUnused type args: [T][0m
  [34mIgnoring implicit executable reference: (CtExecutableReferenceImpl) <init>[0m
  [34mIgnoring implicit executable reference: (CtExecutableReferenceImpl) <init>[0m
  [34mUnused type args: [java.lang.String, java.lang.String][0m
  [34mIgnoring implicit executable reference: (CtExecutableReferenceImpl) <init>[0m
  [34mUnused type args: [java.lang.String, java.lang.String][0m
  [34mUnused type args: [java.lang.String, java.lang.String][0m
  [34mUnused type args: [java.lang.String, java.lang.String][0m
  [34mUnused type args: [T][0m
  [34mUnused type args: [T][0m
  [34mUnused type args: [T @ src/main/java/org/apache/commons/dbutils/QueryRunner.java:237:22][0m
  [34mUnused type args: [T][0m
  [34mUnused type args: [T][0m
  [34mUnused type args: [T][0m
  [34mIgnoring implicit executable reference: (CtExecutableReferenceImpl) <init>[0m
  [34mIgnoring implicit executable reference: (CtExecutableReferenceImpl) <init>[0m
  [34mUnused type args: [java.lang.String, java.lang.String][0m
  [34mIgnoring implicit executable reference: (CtExecutableReferenceImpl) <init>[0m
  [34mUnused type args: [java.lang.String @ src/main/java/org/apache/commons/dbutils/BeanProcessor.java:102:26, java.lang.String @ src/main/java/org/apache/commons/dbutils/BeanProcessor.java:102:34][0m
  [34mUnused type args: [T][0m
  [34mUnused type args: [java.lang.String, java.lang.Class][0m
  [34mUnused type args: [?][0m
  [34mUnused type args: [java.lang.String, java.lang.Class][0m
  [34mUnused type args: [?][0m
  [34mUnused type args: [T][0m
  [34mIgnoring implicit executable reference: (CtExecutableReferenceImpl) <init>[0m
  [34mIgnoring implicit executable reference: (CtExecutableReferenceImpl) <init>[0m
  [34mUnused type args: [T][0m
  [34mUnused type args: [T][0m
  [34mUnused type args: [T][0m
  [34mUnused type args: [java.lang.Integer][0m
  [34mUnused type args: [java.lang.Integer][0m
  [34mUnused type args: [T][0m
  [34mIgnoring anonymous type: (CtTypeReferenceImpl) org.apache.commons.dbutils.AsyncQueryRunner$10[0m
  [34mIgnoring implicit executable reference: (CtExecutableReferenceImpl) <init>[0m
  [34mIgnoring anonymous type: (CtTypeReferenceImpl) org.apache.commons.dbutils.AsyncQueryRunner$10[0m
  [34mUnused type args: [java.lang.Integer @ src/main/java/org/apache/commons/dbutils/AsyncQueryRunner.java:499:52][0m
  [34mIgnoring anonymous object declaration: (CtClassImpl) 10 @ src/main/java/org/apache/commons/dbutils/AsyncQueryRunner.java:499:63[0m
  [34mUnused type args: [java.lang.Integer][0m
  [34mIgnoring implicit executable reference: (CtExecutableReferenceImpl) <init>[0m
  [34mIgnoring implicit executable reference: (CtExecutableReferenceImpl) <init>[0m
  [34mIgnoring method of an anonymous declaring type: (CtMethodImpl) call @ src/main/java/org/apache/commons/dbutils/AsyncQueryRunner.java:502:28 in (CtClassImpl) 10 @ src/main/java/org/apache/commons/dbutils/AsyncQueryRunner.java:499:63[0m
  [34mUnused type args: [T][0m
  [34mUnused type args: [T][0m
  [34mIgnoring implicit executable reference: (CtExecutableReferenceImpl) <init>[0m
  [34mIgnoring implicit executable reference: (CtExecutableReferenceImpl) <init>[0m
  [34mIgnoring implicit executable reference: (CtExecutableReferenceImpl) <init>[0m
  [34mUnused type args: [T][0m
  [34mUnused type args: [java.lang.String, java.lang.String][0m
  [34mUnused type args: [java.lang.String, java.lang.Object][0m
  [34mUnused type args: [T][0m
  [34mUnused type args: [T][0m
  [34mUnused type args: [T][0m
  [34mIgnoring implicit executable reference: (CtExecutableReferenceImpl) <init>[0m
  [34mIgnoring implicit executable reference: (CtExecutableReferenceImpl) <init>[0m
  [34mUnused type args: [T][0m
  [34mIgnoring implicit executable reference: (CtExecutableReferenceImpl) <init>[0m
  [34mUnused type args: [T @ src/main/java/org/apache/commons/dbutils/QueryRunner.java:934:14][0m
  [34mIgnoring implicit executable reference: (CtExecutableReferenceImpl) <init>[0m
  [34mUnused type args: [T @ src/main/java/org/apache/commons/dbutils/QueryRunner.java:934:42][0m
  [34mUnused type args: [T][0m
  [34mUnused type args: [T][0m
  [34mUnused type args: [T][0m
  [34mUnused type args: [?][0m
  [34mUnused type args: [?][0m
  [34mIgnoring implicit executable reference: (CtExecutableReferenceImpl) <init>[0m
  [34mUnused type args: [?][0m
  [34mIgnoring implicit executable reference: (CtExecutableReferenceImpl) <init>[0m
  [34mIgnoring implicit executable reference: (CtExecutableReferenceImpl) <init>[0m
  [34mUnused type args: [?][0m
  [34mUnused type args: [T][0m
  [34mUnused type args: [T][0m
  [34mUnused type args: [T][0m
  [34mUnused type args: [T][0m
  [34mUnused type args: [T][0m
  [34mUnused type args: [T][0m
  [34mUnused type args: [T][0m
  [34mUnused type args: [T][0m
  [34mUnused type args: [T][0m
  [34mUnused type args: [T][0m
  [34mUnused type args: [E][0m
  [34mUnused type args: [T][0m
  [34mUnused type args: [E][0m
  [34mUnused type args: [T][0m
  [34mUnused type args: [T][0m
  [34mUnused type args: [T][0m
  [34mIgnoring implicit executable reference: (CtExecutableReferenceImpl) <init>[0m
  [34mIgnoring implicit executable reference: (CtExecutableReferenceImpl) <init>[0m
  [34mUnused type args: [T][0m
  [34mUnused type args: [T][0m
  [34mUnused type args: [java.lang.String, java.lang.String][0m
  [34mUnused type args: [java.lang.String, java.lang.Object][0m
  [34mUnused type args: [java.lang.String, java.lang.Object][0m
  [34mUnused type args: [T][0m
  [34mUnused type args: [T][0m
  [34mUnused type args: [T][0m
  [34mUnused type args: [T][0m
  [34mUnused type args: [java.lang.String, java.lang.String][0m
  [34mUnused type args: [T][0m
  [34mUnused type args: [java.lang.Integer][0m
  [34mUnused type args: [java.lang.Integer][0m
  [34mUnused type args: [T][0m
  [34mIgnoring anonymous type: (CtTypeReferenceImpl) org.apache.commons.dbutils.AsyncQueryRunner$9[0m
  [34mIgnoring implicit executable reference: (CtExecutableReferenceImpl) <init>[0m
  [34mIgnoring anonymous type: (CtTypeReferenceImpl) org.apache.commons.dbutils.AsyncQueryRunner$9[0m
  [34mUnused type args: [java.lang.Integer @ src/main/java/org/apache/commons/dbutils/AsyncQueryRunner.java:477:52][0m
  [34mIgnoring anonymous object declaration: (CtClassImpl) 9 @ src/main/java/org/apache/commons/dbutils/AsyncQueryRunner.java:477:63[0m
  [34mUnused type args: [java.lang.Integer][0m
  [34mIgnoring implicit executable reference: (CtExecutableReferenceImpl) <init>[0m
  [34mIgnoring implicit executable reference: (CtExecutableReferenceImpl) <init>[0m
  [34mIgnoring method of an anonymous declaring type: (CtMethodImpl) call @ src/main/java/org/apache/commons/dbutils/AsyncQueryRunner.java:480:28 in (CtClassImpl) 9 @ src/main/java/org/apache/commons/dbutils/AsyncQueryRunner.java:477:63[0m
  [34mUnused type args: [T][0m
  [34mUnused type args: [T @ src/main/java/org/apache/commons/dbutils/QueryRunner.java:329:22][0m
  [34mUnused type args: [T][0m
  [34mUnused type args: [T][0m
  [34mUnused type args: [T][0m
  [34mUnused type args: [T][0m
  [34mUnused type args: [T][0m
  [34mUnused type args: [T][0m
  [34mUnused type args: [T][0m
  [34mUnused type args: [T][0m
  [34mUnused type args: [T][0m
  [34mUnused type args: [T][0m
  [34mIgnoring anonymous type: (CtTypeReferenceImpl) org.apache.commons.dbutils.AsyncQueryRunner$13[0m
  [34mIgnoring implicit executable reference: (CtExecutableReferenceImpl) <init>[0m
  [34mIgnoring anonymous type: (CtTypeReferenceImpl) org.apache.commons.dbutils.AsyncQueryRunner$13[0m
  [34mUnused type args: [T @ src/main/java/org/apache/commons/dbutils/AsyncQueryRunner.java:563:52][0m
  [34mIgnoring anonymous object declaration: (CtClassImpl) 13 @ src/main/java/org/apache/commons/dbutils/AsyncQueryRunner.java:563:57[0m
  [34mUnused type args: [T][0m
  [34mIgnoring implicit executable reference: (CtExecutableReferenceImpl) <init>[0m
  [34mIgnoring implicit executable reference: (CtExecutableReferenceImpl) <init>[0m
  [34mIgnoring method of an anonymous declaring type: (CtMethodImpl) call @ src/main/java/org/apache/commons/dbutils/AsyncQueryRunner.java:566:22 in (CtClassImpl) 13 @ src/main/java/org/apache/commons/dbutils/AsyncQueryRunner.java:563:57[0m
  [34mUnused type args: [T][0m
  [34mUnused type args: [T][0m
  [34mUnused type args: [T][0m
  [34mUnused type args: [T][0m
  [34mUnused type args: [T][0m
  [34mUnused type args: [T][0m
  [34mUnused type args: [java.lang.Integer][0m
  [34mUnused type args: [java.lang.Integer][0m
  [34mUnused type args: [T][0m
  [34mIgnoring anonymous type: (CtTypeReferenceImpl) org.apache.commons.dbutils.AsyncQueryRunner$11[0m
  [34mIgnoring implicit executable reference: (CtExecutableReferenceImpl) <init>[0m
  [34mIgnoring anonymous type: (CtTypeReferenceImpl) org.apache.commons.dbutils.AsyncQueryRunner$11[0m
  [34mUnused type args: [java.lang.Integer @ src/main/java/org/apache/commons/dbutils/AsyncQueryRunner.java:522:52][0m
  [34mIgnoring anonymous object declaration: (CtClassImpl) 11 @ src/main/java/org/apache/commons/dbutils/AsyncQueryRunner.java:522:63[0m
  [34mUnused type args: [java.lang.Integer][0m
  [34mIgnoring implicit executable reference: (CtExecutableReferenceImpl) <init>[0m
  [34mIgnoring implicit executable reference: (CtExecutableReferenceImpl) <init>[0m
  [34mIgnoring method of an anonymous declaring type: (CtMethodImpl) call @ src/main/java/org/apache/commons/dbutils/AsyncQueryRunner.java:525:28 in (CtClassImpl) 11 @ src/main/java/org/apache/commons/dbutils/AsyncQueryRunner.java:522:63[0m
  [34mUnused type args: [T][0m
  [34mUnused type args: [T][0m
  [34mUnused type args: [T][0m
  [34mIgnoring implicit executable reference: (CtExecutableReferenceImpl) <init>[0m
  [34mIgnoring implicit executable reference: (CtExecutableReferenceImpl) <init>[0m
  [34mUnused type args: [T][0m
  [34mUnused type args: [T][0m
  [34mUnused type args: [T][0m
  [34mUnused type args: [T][0m
  [34mUnused type args: [T][0m
  [34mIgnoring anonymous type: (CtTypeReferenceImpl) org.apache.commons.dbutils.AsyncQueryRunner$5[0m
  [34mIgnoring implicit executable reference: (CtExecutableReferenceImpl) <init>[0m
  [34mIgnoring anonymous type: (CtTypeReferenceImpl) org.apache.commons.dbutils.AsyncQueryRunner$5[0m
  [34mUnused type args: [T @ src/main/java/org/apache/commons/dbutils/AsyncQueryRunner.java:335:52][0m
  [34mIgnoring anonymous object declaration: (CtClassImpl) 5 @ src/main/java/org/apache/commons/dbutils/AsyncQueryRunner.java:335:57[0m
  [34mUnused type args: [T][0m
  [34mIgnoring implicit executable reference: (CtExecutableReferenceImpl) <init>[0m
  [34mIgnoring implicit executable reference: (CtExecutableReferenceImpl) <init>[0m
  [34mIgnoring method of an anonymous declaring type: (CtMethodImpl) call @ src/main/java/org/apache/commons/dbutils/AsyncQueryRunner.java:338:22 in (CtClassImpl) 5 @ src/main/java/org/apache/commons/dbutils/AsyncQueryRunner.java:335:57[0m
  [34mUnused type args: [T][0m
  [34mUnused type args: [T][0m
  [34mUnused type args: [T][0m
  [34mUnused type args: [T][0m
  [34mUnused type args: [T][0m
  [34mUnused type args: [T][0m
  [34mUnused type args: [?][0m
  [34mUnused type args: [?][0m
  [34mUnused type args: [T][0m
  [34mUnused type args: [T][0m
  [34mUnused type args: [T][0m
  [34mUnused type args: [T][0m
  [34mUnused type args: [T][0m
  [34mUnused type args: [T][0m
  [34mUnused type args: [T][0m
  [34mIgnoring anonymous type: (CtTypeReferenceImpl) org.apache.commons.dbutils.AsyncQueryRunner$3[0m
  [34mIgnoring implicit executable reference: (CtExecutableReferenceImpl) <init>[0m
  [34mIgnoring anonymous type: (CtTypeReferenceImpl) org.apache.commons.dbutils.AsyncQueryRunner$3[0m
  [34mUnused type args: [T @ src/main/java/org/apache/commons/dbutils/AsyncQueryRunner.java:290:52][0m
  [34mIgnoring anonymous object declaration: (CtClassImpl) 3 @ src/main/java/org/apache/commons/dbutils/AsyncQueryRunner.java:290:57[0m
  [34mUnused type args: [T][0m
  [34mIgnoring implicit executable reference: (CtExecutableReferenceImpl) <init>[0m
  [34mIgnoring implicit executable reference: (CtExecutableReferenceImpl) <init>[0m
  [34mIgnoring method of an anonymous declaring type: (CtMethodImpl) call @ src/main/java/org/apache/commons/dbutils/AsyncQueryRunner.java:293:22 in (CtClassImpl) 3 @ src/main/java/org/apache/commons/dbutils/AsyncQueryRunner.java:290:57[0m
  [34mUnused type args: [T][0m
  [34mUnused type args: [T][0m
  [34mUnused type args: [T][0m
  [34mUnused type args: [T][0m
  [34mUnused type args: [T][0m
  [34mUnused type args: [T][0m
  [34mUnused type args: [T][0m
  [34mIgnoring anonymous type: (CtTypeReferenceImpl) org.apache.commons.dbutils.AsyncQueryRunner$16[0m
  [34mIgnoring implicit executable reference: (CtExecutableReferenceImpl) <init>[0m
  [34mIgnoring anonymous type: (CtTypeReferenceImpl) org.apache.commons.dbutils.AsyncQueryRunner$16[0m
  [34mUnused type args: [T @ src/main/java/org/apache/commons/dbutils/AsyncQueryRunner.java:615:52][0m
  [34mIgnoring anonymous object declaration: (CtClassImpl) 16 @ src/main/java/org/apache/commons/dbutils/AsyncQueryRunner.java:615:57[0m
  [34mUnused type args: [T][0m
  [34mIgnoring implicit executable reference: (CtExecutableReferenceImpl) <init>[0m
  [34mIgnoring implicit executable reference: (CtExecutableReferenceImpl) <init>[0m
  [34mIgnoring method of an anonymous declaring type: (CtMethodImpl) call @ src/main/java/org/apache/commons/dbutils/AsyncQueryRunner.java:618:22 in (CtClassImpl) 16 @ src/main/java/org/apache/commons/dbutils/AsyncQueryRunner.java:615:57[0m
  [34mUnused type args: [T][0m
  [34mUnused type args: [T][0m
  [34mUnused type args: [T][0m
  [34mUnused type args: [T][0m
  [34mUnused type args: [T][0m
  [34mUnused type args: [T][0m
  [34mUnused type args: [T][0m
  [34mUnused type args: [T][0m
  [34mUnused type args: [T][0m
  [34mUnused type args: [T][0m
  [34mUnused type args: [T][0m
  [34mUnused type args: [T][0m
  [34mUnused type args: [T][0m
  [34mUnused type args: [T][0m
  [34mUnused type args: [T][0m
  [34mUnused type args: [? @ src/main/java/org/apache/commons/dbutils/BeanProcessor.java:264:19][0m
  [34mUnused type args: [?][0m
  [34mUnused type args: [?][0m
  [34mUnused type args: [?][0m
  [34mUnused type args: [?][0m
  [34mUnused type args: [?][0m
  [34mUnused type args: [java.lang.Class, java.lang.Object][0m
  [34mUnused type args: [?][0m
  [34mUnused type args: [?][0m
  [34mUnused type args: [T][0m
  [34mUnused type args: [T][0m
  [34mUnused type args: [T][0m
  [34mUnused type args: [T][0m
  [34mUnused type args: [T][0m
  [34mIgnoring implicit executable reference: (CtExecutableReferenceImpl) <init>[0m
  [34mIgnoring implicit executable reference: (CtExecutableReferenceImpl) <init>[0m
  [34mUnused type args: [T][0m
  [34mIgnoring implicit executable reference: (CtExecutableReferenceImpl) <init>[0m
  [34mIgnoring implicit executable reference: (CtExecutableReferenceImpl) <init>[0m
  [34mIgnoring implicit executable reference: (CtExecutableReferenceImpl) <init>[0m
  [34mIgnoring implicit executable reference: (CtExecutableReferenceImpl) <init>[0m
  [34mUnused type args: [T][0m
  [34mUnused type args: [T][0m
  [34mUnused type args: [T][0m
  [34mUnused type args: [T][0m
  [34mUnused type args: [T][0m
  [34mUnused type args: [T][0m
  [34mUnused type args: [T][0m
  [34mUnused type args: [T][0m
  [34mUnused type args: [T][0m
  [34mUnused type args: [T][0m
  [34mIgnoring anonymous type: (CtTypeReferenceImpl) org.apache.commons.dbutils.AsyncQueryRunner$15[0m
  [34mIgnoring implicit executable reference: (CtExecutableReferenceImpl) <init>[0m
  [34mIgnoring anonymous type: (CtTypeReferenceImpl) org.apache.commons.dbutils.AsyncQueryRunner$15[0m
  [34mUnused type args: [T @ src/main/java/org/apache/commons/dbutils/AsyncQueryRunner.java:598:52][0m
  [34mIgnoring anonymous object declaration: (CtClassImpl) 15 @ src/main/java/org/apache/commons/dbutils/AsyncQueryRunner.java:598:57[0m
  [34mUnused type args: [T][0m
  [34mIgnoring implicit executable reference: (CtExecutableReferenceImpl) <init>[0m
  [34mIgnoring implicit executable reference: (CtExecutableReferenceImpl) <init>[0m
  [34mIgnoring method of an anonymous declaring type: (CtMethodImpl) call @ src/main/java/org/apache/commons/dbutils/AsyncQueryRunner.java:601:22 in (CtClassImpl) 15 @ src/main/java/org/apache/commons/dbutils/AsyncQueryRunner.java:598:57[0m
  [34mUnused type args: [T][0m
  [34mUnused type args: [T][0m
  [34mUnused type args: [T][0m
  [34mUnused type args: [T][0m
  [34mUnused type args: [T][0m
  [34mIgnoring implicit executable reference: (CtExecutableReferenceImpl) <init>[0m
  [34mIgnoring implicit executable reference: (CtExecutableReferenceImpl) <init>[0m
  [34mIgnoring implicit executable reference: (CtExecutableReferenceImpl) <init>[0m
  [34mUnused type args: [T][0m
  [34mUnused type args: [T][0m
  [34mUnused type args: [T][0m
  [34mUnused type args: [T][0m
  [34mUnused type args: [int[]][0m
  [34mUnused type args: [int[]][0m
  [34mUnused type args: [T][0m
  [34mIgnoring anonymous type: (CtTypeReferenceImpl) org.apache.commons.dbutils.AsyncQueryRunner$1[0m
  [34mIgnoring implicit executable reference: (CtExecutableReferenceImpl) <init>[0m
  [34mIgnoring anonymous type: (CtTypeReferenceImpl) org.apache.commons.dbutils.AsyncQueryRunner$1[0m
  [34mUnused type args: [int[] @ src/main/java/org/apache/commons/dbutils/AsyncQueryRunner.java:178:52][0m
  [34mIgnoring anonymous object declaration: (CtClassImpl) 1 @ src/main/java/org/apache/commons/dbutils/AsyncQueryRunner.java:178:61[0m
  [34mUnused type args: [int[]][0m
  [34mIgnoring implicit executable reference: (CtExecutableReferenceImpl) <init>[0m
  [34mIgnoring implicit executable reference: (CtExecutableReferenceImpl) <init>[0m
  [34mIgnoring method of an anonymous declaring type: (CtMethodImpl) call @ src/main/java/org/apache/commons/dbutils/AsyncQueryRunner.java:181:26 in (CtClassImpl) 1 @ src/main/java/org/apache/commons/dbutils/AsyncQueryRunner.java:178:61[0m
  [34mUnused type args: [T @ src/main/java/org/apache/commons/dbutils/BeanProcessor.java:191:14][0m
  [34mIgnoring implicit executable reference: (CtExecutableReferenceImpl) <init>[0m
  [34mUnused type args: [T @ src/main/java/org/apache/commons/dbutils/BeanProcessor.java:191:41][0m
  [34mUnused type args: [T][0m
  [34mUnused type args: [?][0m
  [34mUnused type args: [?][0m
  [34mUnused type args: [T][0m
  [34mUnused type args: [?][0m
  [34mUnused type args: [T][0m
  [34mUnused type args: [?][0m
  [34mUnused type args: [T][0m
  [34mUnused type args: [T][0m
  [34mUnused type args: [T][0m
  [34mUnused type args: [T][0m
  [34mUnused type args: [T][0m
  [34mUnused type args: [T][0m
  [34mIgnoring implicit executable reference: (CtExecutableReferenceImpl) <init>[0m
  [34mIgnoring implicit executable reference: (CtExecutableReferenceImpl) <init>[0m
  [34mUnused type args: [java.lang.String @ src/main/java/org/apache/commons/dbutils/BasicRowProcessor.java:160:13, java.lang.Object @ src/main/java/org/apache/commons/dbutils/BasicRowProcessor.java:160:21][0m
  [34mIgnoring implicit executable reference: (CtExecutableReferenceImpl) <init>[0m
  [34mUnused type args: [java.lang.String, java.lang.Object][0m
  [34mUnused type args: [java.lang.String, java.lang.Object][0m
  [34mUnused type args: [? @ src/main/java/org/apache/commons/dbutils/BasicRowProcessor.java:251:28, ? @ src/main/java/org/apache/commons/dbutils/BasicRowProcessor.java:251:46][0m
  [34mUnused type args: [?, ?][0m
  [34mUnused type args: [java.util.Map$Entry][0m
  [34mUnused type args: [?, ?][0m
  [34mUnused type args: [?, ?][0m
  [34mUnused type args: [?, ?][0m
  [34mUnused type args: [T][0m
  [34mUnused type args: [T][0m
  [34mIgnoring implicit executable reference: (CtExecutableReferenceImpl) <init>[0m
  [34mUnused type args: [T][0m
  [34mUnused type args: [T][0m
  [34mUnused type args: [T][0m
  [34mUnused type args: [T][0m
  [34mUnused type args: [T][0m
  [34mIgnoring implicit executable reference: (CtExecutableReferenceImpl) <init>[0m
  [34mUnused type args: [T][0m
  [34mUnused type args: [T @ src/main/java/org/apache/commons/dbutils/QueryRunner.java:310:22][0m
  [34mUnused type args: [T][0m
  [34mUnused type args: [T][0m
  [34mUnused type args: [T][0m
  [34mUnused type args: [T][0m
  [34mUnused type args: [T][0m
  [34mUnused type args: [int[]][0m
  [34mUnused type args: [int[]][0m
  [34mUnused type args: [T][0m
  [34mIgnoring anonymous type: (CtTypeReferenceImpl) org.apache.commons.dbutils.AsyncQueryRunner$2[0m
  [34mIgnoring implicit executable reference: (CtExecutableReferenceImpl) <init>[0m
  [34mIgnoring anonymous type: (CtTypeReferenceImpl) org.apache.commons.dbutils.AsyncQueryRunner$2[0m
  [34mUnused type args: [int[] @ src/main/java/org/apache/commons/dbutils/AsyncQueryRunner.java:201:52][0m
  [34mIgnoring anonymous object declaration: (CtClassImpl) 2 @ src/main/java/org/apache/commons/dbutils/AsyncQueryRunner.java:201:61[0m
  [34mUnused type args: [int[]][0m
  [34mIgnoring implicit executable reference: (CtExecutableReferenceImpl) <init>[0m
  [34mIgnoring implicit executable reference: (CtExecutableReferenceImpl) <init>[0m
  [34mIgnoring method of an anonymous declaring type: (CtMethodImpl) call @ src/main/java/org/apache/commons/dbutils/AsyncQueryRunner.java:204:26 in (CtClassImpl) 2 @ src/main/java/org/apache/commons/dbutils/AsyncQueryRunner.java:201:61[0m
  [34mUnused type args: [T][0m
  [34mUnused type args: [T][0m
  [34mUnused type args: [java.lang.String, java.lang.Class][0m
  [34mUnused type args: [?][0m
  [34mUnused type args: [java.lang.String, java.lang.Class][0m
  [34mUnused type args: [?][0m
  [34mIgnoring implicit executable reference: (CtExecutableReferenceImpl) <init>[0m
  [34mIgnoring implicit executable reference: (CtExecutableReferenceImpl) <init>[0m
  [34mUnused type args: [T][0m
  [34mUnused type args: [T][0m
  [34mUnused type args: [T][0m
  [34mUnused type args: [T][0m
  [34mIgnoring implicit executable reference: (CtExecutableReferenceImpl) <init>[0m
  [34mIgnoring implicit executable reference: (CtExecutableReferenceImpl) <init>[0m
  [34mUnused type args: [T][0m
  [34mIgnoring implicit executable reference: (CtExecutableReferenceImpl) <init>[0m
  [34mUnused type args: [T][0m
  [34mIgnoring implicit executable reference: (CtExecutableReferenceImpl) <init>[0m
  [34mIgnoring implicit executable reference: (CtExecutableReferenceImpl) <init>[0m
  [34mUnused type args: [T][0m
  [34mIgnoring implicit executable reference: (CtExecutableReferenceImpl) <init>[0m
  [34mIgnoring implicit executable reference: (CtExecutableReferenceImpl) <init>[0m
  [34mUnused type args: [T][0m
  [34mIgnoring implicit executable reference: (CtExecutableReferenceImpl) <init>[0m
  [34mIgnoring implicit executable reference: (CtExecutableReferenceImpl) <init>[0m
  [34mIgnoring implicit executable reference: (CtExecutableReferenceImpl) <init>[0m
  [34mUnused type args: [T][0m
  [34mUnused type args: [T][0m
  [34mUnused type args: [T][0m
  [34mUnused type args: [T][0m
  [34mUnused type args: [?][0m
  [34mUnused type args: [?][0m
  [34mUnused type args: [?][0m
  [34mIgnoring implicit executable reference: (CtExecutableReferenceImpl) <init>[0m
  [34mIgnoring implicit executable reference: (CtExecutableReferenceImpl) <init>[0m
  [34mUnused type args: [T][0m
  [34mUnused type args: [T][0m
  [34mUnused type args: [T][0m
  [34mUnused type args: [T][0m
  [34mUnused type args: [T][0m
  [34mUnused type args: [T][0m
  [34mUnused type args: [T][0m
  [34mUnused type args: [T][0m
  [34mUnused type args: [T][0m
  [34mUnused type args: [T][0m
  [34mUnused type args: [T][0m
  [34mUnused type args: [T][0m
  [34mUnused type args: [T][0m
  [34mUnused type args: [T][0m
  [34mUnused type args: [T][0m
  [34mIgnoring implicit executable reference: (CtExecutableReferenceImpl) <init>[0m
  [34mIgnoring implicit executable reference: (CtExecutableReferenceImpl) <init>[0m
  [34mUnused type args: [T][0m
  [34mUnused type args: [?][0m
  [34mUnused type args: [?][0m
  [34mIgnoring implicit executable reference: (CtExecutableReferenceImpl) <init>[0m
  [34mIgnoring implicit executable reference: (CtExecutableReferenceImpl) <init>[0m
  [34mIgnoring implicit executable reference: (CtExecutableReferenceImpl) <init>[0m
  [34mIgnoring implicit executable reference: (CtExecutableReferenceImpl) <init>[0m
  [34mIgnoring implicit executable reference: (CtExecutableReferenceImpl) <init>[0m
  [34mIgnoring implicit executable reference: (CtExecutableReferenceImpl) <init>[0m
  [34mUnused type args: [java.lang.Integer][0m
  [34mUnused type args: [java.lang.Integer][0m
  [34mUnused type args: [T][0m
  [34mIgnoring anonymous type: (CtTypeReferenceImpl) org.apache.commons.dbutils.AsyncQueryRunner$7[0m
  [34mIgnoring implicit executable reference: (CtExecutableReferenceImpl) <init>[0m
  [34mIgnoring anonymous type: (CtTypeReferenceImpl) org.apache.commons.dbutils.AsyncQueryRunner$7[0m
  [34mUnused type args: [java.lang.Integer @ src/main/java/org/apache/commons/dbutils/AsyncQueryRunner.java:436:52][0m
  [34mIgnoring anonymous object declaration: (CtClassImpl) 7 @ src/main/java/org/apache/commons/dbutils/AsyncQueryRunner.java:436:63[0m
  [34mUnused type args: [java.lang.Integer][0m
  [34mIgnoring implicit executable reference: (CtExecutableReferenceImpl) <init>[0m
  [34mIgnoring implicit executable reference: (CtExecutableReferenceImpl) <init>[0m
  [34mIgnoring method of an anonymous declaring type: (CtMethodImpl) call @ src/main/java/org/apache/commons/dbutils/AsyncQueryRunner.java:439:28 in (CtClassImpl) 7 @ src/main/java/org/apache/commons/dbutils/AsyncQueryRunner.java:436:63[0m
  [34mUnused type args: [T][0m
  [34mUnused type args: [T][0m
  [34mUnused type args: [T][0m
  [34mUnused type args: [T][0m
  [34mUnused type args: [T][0m
  [34mUnused type args: [T][0m
  [34mskipping default constructor: org.apache.commons.dbutils.handlers.columns.BooleanColumnHandler()[0m
  [34mskipping default constructor: org.apache.commons.dbutils.handlers.columns.ByteColumnHandler()[0m
  [34mskipping default constructor: org.apache.commons.dbutils.handlers.columns.DoubleColumnHandler()[0m
  [34mskipping default constructor: org.apache.commons.dbutils.handlers.columns.FloatColumnHandler()[0m
  [34mskipping default constructor: org.apache.commons.dbutils.handlers.columns.IntegerColumnHandler()[0m
  [34mskipping default constructor: org.apache.commons.dbutils.handlers.columns.LongColumnHandler()[0m
  [34mskipping default constructor: org.apache.commons.dbutils.handlers.columns.SQLXMLColumnHandler()[0m
  [34mskipping default constructor: org.apache.commons.dbutils.handlers.columns.ShortColumnHandler()[0m
  [34mskipping default constructor: org.apache.commons.dbutils.handlers.columns.StringColumnHandler()[0m
  [34mskipping default constructor: org.apache.commons.dbutils.handlers.columns.TimestampColumnHandler()[0m
  [34mUnused type args: [?][0m
  [34mUnused type args: [java.lang.Short][0m
  [34mUnused type args: [?][0m
  [34mSkipping selection with no field declaration: (CtFieldReferenceImpl) class[0m
  [34mSkipping selection with no field declaration: (CtFieldReferenceImpl) class[0m
  [34mUnused type args: [?][0m
  [34mSkipping selection with no field declaration: (CtFieldReferenceImpl) class[0m
  [34mSkipping selection with no field declaration: (CtFieldReferenceImpl) class[0m
  [34mUnused type args: [?][0m
  [34mUnused type args: [java.lang.Integer][0m
  [34mUnused type args: [?][0m
  [34mSkipping selection with no field declaration: (CtFieldReferenceImpl) class[0m
  [34mSkipping selection with no field declaration: (CtFieldReferenceImpl) class[0m
  [34mUnused type args: [?][0m
  [34mUnused type args: [java.lang.Boolean][0m
  [34mUnused type args: [?][0m
  [34mSkipping selection with no field declaration: (CtFieldReferenceImpl) class[0m
  [34mSkipping selection with no field declaration: (CtFieldReferenceImpl) class[0m
  [34mUnused type args: [?][0m
  [34mUnused type args: [java.lang.Long][0m
  [34mUnused type args: [?][0m
  [34mSkipping selection with no field declaration: (CtFieldReferenceImpl) class[0m
  [34mSkipping selection with no field declaration: (CtFieldReferenceImpl) class[0m
  [34mUnused type args: [?][0m
  [34mUnused type args: [java.lang.Float][0m
  [34mUnused type args: [?][0m
  [34mSkipping selection with no field declaration: (CtFieldReferenceImpl) class[0m
  [34mSkipping selection with no field declaration: (CtFieldReferenceImpl) class[0m
  [34mUnused type args: [?][0m
  [34mUnused type args: [java.lang.Byte][0m
  [34mUnused type args: [?][0m
  [34mSkipping selection with no field declaration: (CtFieldReferenceImpl) class[0m
  [34mSkipping selection with no field declaration: (CtFieldReferenceImpl) class[0m
  [34mUnused type args: [?][0m
  [34mSkipping selection with no field declaration: (CtFieldReferenceImpl) class[0m
  [34mSkipping selection with no field declaration: (CtFieldReferenceImpl) class[0m
  [34mUnused type args: [?][0m
  [34mSkipping selection with no field declaration: (CtFieldReferenceImpl) class[0m
  [34mSkipping selection with no field declaration: (CtFieldReferenceImpl) class[0m
  [34mUnused type args: [?][0m
  [34mUnused type args: [java.lang.Double][0m
  [34mUnused type args: [?][0m
  [34mSkipping selection with no field declaration: (CtFieldReferenceImpl) class[0m
  [34mSkipping selection with no field declaration: (CtFieldReferenceImpl) class[0m
[34mFinished process pending packages (4.374753s)[0m
[34mStarting short validation...[0m
  [34mStarting performShortValidation...[0m
  [34mFinished performShortValidation (0.007464s)[0m
[34mFinished short validation (0.008390s)[0m
[34mStarting consolidate constructs...[0m
  Consolidating all constructs
    Removed 1621 collisions
    Removed 0 collisions
[34mFinished consolidate constructs (0.075008s)[0m
[34mStarting connect nests...[0m
[34mFinished connect nests (0.001608s)[0m
[34mStarting collect package declarations...[0m
[34mFinished collect package declarations (0.644812s)[0m
[34mStarting addImports from usage...[0m
[34mFinished addImports from usage (0.003659s)[0m
[34mStarting remove empty packages...[0m
[34mFinished remove empty packages (0.001431s)[0m
[34mStarting performValidation...[0m
[34mFinished performValidation (1.954228s)[0m
[34mFinished Abstraction (17.281034s)[0m
Success
