# cmd: java -jar /Users/grantnelson/go/src/github.com/MSUSEL/msusel-tdmetrics-go/javaAbstractor/target/abstractor-0.1-jar-with-dependencies.jar -i /Users/grantnelson/go/src/github.com/apache/felix/ -o /Users/grantnelson/go/src/github.com/MSUSEL/msusel-tdmetrics-go/tdd/abstractions/felix.json -v
# cwd: /Users/grantnelson/go/src/github.com/MSUSEL/msusel-tdmetrics-go/tdd
# repo: /Users/grantnelson/go/src/github.com/apache/felix @ bdb6cb5cac0d81e9cd3fda666065e0e577eb9c41
# started: 2026-08-17T18:33:26.675621+00:00
# timeout_min: 10
# ---
Reading /Users/grantnelson/go/src/github.com/apache/felix/
SLF4J(W): No SLF4J providers were found.
SLF4J(W): Defaulting to no-operation (NOP) logger implementation
SLF4J(W): See https://www.slf4j.org/codes.html#noProviders for further details.
Exception in thread "main" org.eclipse.jdt.internal.compiler.problem.AbortCompilation: Pb(347) The type org.eclipse.core.runtime.IPath cannot be resolved. It is indirectly referenced from required type org.eclipse.jdt.core.IClasspathContainer
	at org.eclipse.jdt.internal.compiler.problem.ProblemHandler.handle(ProblemHandler.java:159)
	at org.eclipse.jdt.internal.compiler.problem.ProblemHandler.handle(ProblemHandler.java:226)
	at org.eclipse.jdt.internal.compiler.problem.ProblemReporter.handle(ProblemReporter.java:2723)
	at org.eclipse.jdt.internal.compiler.problem.ProblemReporter.isClassPathCorrect(ProblemReporter.java:5223)
	at org.eclipse.jdt.internal.compiler.lookup.UnresolvedReferenceBinding.resolve(UnresolvedReferenceBinding.java:125)
	at org.eclipse.jdt.internal.compiler.lookup.BinaryTypeBinding.resolveType(BinaryTypeBinding.java:251)
	at org.eclipse.jdt.internal.compiler.lookup.PackageBinding.getTypeOrPackage(PackageBinding.java:252)
	at org.eclipse.jdt.internal.compiler.lookup.CompilationUnitScope.findImport(CompilationUnitScope.java:624)
	at org.eclipse.jdt.internal.compiler.lookup.CompilationUnitScope.findSingleImport(CompilationUnitScope.java:696)
	at org.eclipse.jdt.internal.compiler.lookup.CompilationUnitScope.faultInImports(CompilationUnitScope.java:523)
	at org.eclipse.jdt.internal.compiler.lookup.CompilationUnitScope.faultInTypes(CompilationUnitScope.java:598)
	at spoon.support.compiler.jdt.TreeBuilderCompiler.buildUnits(TreeBuilderCompiler.java:96)
	at spoon.support.compiler.jdt.JDTBatchCompiler.getUnits(JDTBatchCompiler.java:282)
	at spoon.support.compiler.jdt.JDTBasedSpoonCompiler.buildUnits(JDTBasedSpoonCompiler.java:442)
	at spoon.support.compiler.jdt.JDTBasedSpoonCompiler.buildUnitsAndModel(JDTBasedSpoonCompiler.java:386)
	at spoon.support.compiler.jdt.JDTBasedSpoonCompiler.buildSources(JDTBasedSpoonCompiler.java:347)
	at spoon.support.compiler.jdt.JDTBasedSpoonCompiler.build(JDTBasedSpoonCompiler.java:118)
	at spoon.support.compiler.jdt.JDTBasedSpoonCompiler.build(JDTBasedSpoonCompiler.java:101)
	at spoon.Launcher.buildModel(Launcher.java:781)
	at abstractor.core.Abstractor.prepareMavenProject(Abstractor.java:72)
	at abstractor.app.App.run(App.java:25)
	at abstractor.app.App.main(App.java:17)
