summary: 11 ok / 20 failed / 31 total
  TIMEOUT   santuario                600.03s
  FAIL(1)  commons-beanutils        315.39s
  FAIL(1)  commons-validator         10.99s
  OK        commons-net               35.19s
  FAIL(1)  commons-configuration     94.15s
  FAIL(1)  commons-vfs               130.7s
  OK        commons-daemon            10.06s
  OK        commons-bcel              97.48s
  OK        commons-codec             24.61s
  FAIL(1)  commons-ognl              39.24s
  TIMEOUT   commons-jxpath           600.05s
  OK        commons-exec              22.06s
  FAIL(1)  commons-jexl              12.54s
  FAIL(1)  commons-dbcp             186.95s
  OK        commons-io                27.33s
  FAIL(1)  commons-fileupload        33.31s
  TIMEOUT   commons-jelly            600.05s
  FAIL(1)  commons-digester          27.73s
  FAIL(1)  commons-collections       22.95s
  OK        commons-cli               13.69s
  OK        commons-dbutils           20.96s
  FAIL(1)  httpcomponents-client    313.89s
  FAIL(1)  httpcomponents-core       27.36s
  OK        zookeeper                  0.16s
  TIMEOUT   hive                     1732.2s
  OK        thrift                     0.16s
  FAIL(1)  archiva                   20.04s
  FAIL(1)  felix                     12.63s
  FAIL(1)  cayenne                   26.98s
  FAIL(1)  cocoon                    27.17s
  OK        batik                      0.16s
